Component: ARM Compiler 5.06 update 6 (build 750) Tool: armlink [4d35ed]

==============================================================================

Section Cross References

    main.o(.text) refers to _printf_pad.o(.text) for _printf_pre_padding
    main.o(.text) refers to _printf_percent.o(.ARM.Collect$$_printf_percent$$00000000) for _printf_percent
    main.o(.text) refers to _printf_x.o(.ARM.Collect$$_printf_percent$$0000000C) for _printf_x
    main.o(.text) refers to _printf_hex_int.o(.text) for _printf_longlong_hex
    main.o(.text) refers to stm32f10x_usart.o(.text) for USART_SendData
    main.o(.text) refers to noretval__2printf.o(.text) for __2printf
    main.o(.text) refers to i2c_ee.o(.text) for I2C_EE_BufferWrite
    main.o(.text) refers to setup.o(.text) for Init_USART
    main.o(.text) refers to main.o(.bss) for I2c_Buf_Write
    stm32f10x_gpio.o(.text) refers to stm32f10x_rcc.o(.text) for RCC_APB2PeriphResetCmd
    stm32f10x_rcc.o(.text) refers to stm32f10x_rcc.o(.data) for APBAHBPrescTable
    stm32f10x_usart.o(.text) refers to stm32f10x_rcc.o(.text) for RCC_APB2PeriphResetCmd
    stm32f10x_spi.o(.text) refers to stm32f10x_rcc.o(.text) for RCC_APB2PeriphResetCmd
    stm32f10x_adc.o(.text) refers to stm32f10x_rcc.o(.text) for RCC_APB2PeriphResetCmd
    23lc1024.o(.text) refers to stm32f10x_spi.o(.text) for SPI_I2S_GetFlagStatus
    23lc1024.o(.text) refers to stm32f10x_gpio.o(.text) for GPIO_ResetBits
    23lc1024.o(.text) refers to setup.o(.text) for Init_SPI1_Master
    23lc1024.o(.text) refers to strlen.o(.text) for strlen
    23lc1024.o(.text) refers to 23lc1024.o(.data) for WriteMode
    setup.o(.text) refers to stm32f10x_rcc.o(.text) for RCC_APB1PeriphClockCmd
    setup.o(.text) refers to stm32f10x_gpio.o(.text) for GPIO_Init
    setup.o(.text) refers to stm32f10x_usart.o(.text) for USART_Init
    setup.o(.text) refers to misc.o(.text) for NVIC_Init
    setup.o(.text) refers to stm32f10x_spi.o(.text) for SPI_Init
    setup.o(.text) refers to setup.o(.data) for GPIO_InitStructure
    setup.o(.text) refers to setup.o(.bss) for UART_InitStructure
    i2c_ee.o(.text) refers to stm32f10x_rcc.o(.text) for RCC_APB2PeriphClockCmd
    i2c_ee.o(.text) refers to stm32f10x_gpio.o(.text) for GPIO_Init
    i2c_ee.o(.text) refers to stm32f10x_i2c.o(.text) for I2C_Cmd
    i2c_ee.o(.text) refers to i2c_ee.o(.data) for EEPROM_ADDRESS
    stm32f10x_i2c.o(.text) refers to stm32f10x_rcc.o(.text) for RCC_APB1PeriphResetCmd
    system_stm32f10x.o(.text) refers to system_stm32f10x.o(.data) for SystemCoreClock
    startup_stm32f10x_md.o(STACK) refers (Special) to heapauxi.o(.text) for __use_two_region_memory
    startup_stm32f10x_md.o(HEAP) refers (Special) to heapauxi.o(.text) for __use_two_region_memory
    startup_stm32f10x_md.o(RESET) refers (Special) to heapauxi.o(.text) for __use_two_region_memory
    startup_stm32f10x_md.o(RESET) refers to startup_stm32f10x_md.o(STACK) for __initial_sp
    startup_stm32f10x_md.o(RESET) refers to startup_stm32f10x_md.o(.text) for Reset_Handler
    startup_stm32f10x_md.o(RESET) refers to stm32f10x_it.o(.text) for NMI_Handler
    startup_stm32f10x_md.o(.text) refers (Special) to heapauxi.o(.text) for __use_two_region_memory
    startup_stm32f10x_md.o(.text) refers to system_stm32f10x.o(.text) for SystemInit
    startup_stm32f10x_md.o(.text) refers to __main.o(!!!main) for __main
    startup_stm32f10x_md.o(.text) refers to startup_stm32f10x_md.o(HEAP) for Heap_Mem
    startup_stm32f10x_md.o(.text) refers to startup_stm32f10x_md.o(STACK) for Stack_Mem
    retarget_io.o(.text) refers to strcmpv7m.o(.text) for strcmp
    __2printf.o(.text) refers to _printf_char_file.o(.text) for _printf_char_file
    __2printf.o(.text) refers to stdio_streams.o(.bss) for __stdout
    noretval__2printf.o(.text) refers to _printf_char_file.o(.text) for _printf_char_file
    noretval__2printf.o(.text) refers to stdio_streams.o(.bss) for __stdout
    __printf.o(.text) refers to _printf_percent.o(.ARM.Collect$$_printf_percent$$00000000) for _printf_percent
    _printf_hex_ll.o(.text) refers to _printf_intcommon.o(.text) for _printf_int_common
    _printf_hex_ll.o(.text) refers to _printf_hex_ll.o(.constdata) for .constdata
    _printf_hex_int.o(.text) refers to _printf_intcommon.o(.text) for _printf_int_common
    _printf_hex_int.o(.text) refers to _printf_hex_int.o(.constdata) for .constdata
    _printf_hex_int_ll.o(.text) refers to _printf_intcommon.o(.text) for _printf_int_common
    _printf_hex_int_ll.o(.text) refers to _printf_hex_int_ll.o(.constdata) for .constdata
    _printf_hex_ptr.o(.text) refers to _printf_intcommon.o(.text) for _printf_int_common
    _printf_hex_ptr.o(.text) refers to _printf_hex_ptr.o(.constdata) for .constdata
    _printf_hex_int_ptr.o(.text) refers to _printf_intcommon.o(.text) for _printf_int_common
    _printf_hex_int_ptr.o(.text) refers to _printf_hex_int_ptr.o(.constdata) for .constdata
[...]
    defsig_cppl_inner.o(.text) refers to defsig_general.o(.text) for __default_signal_display
    defsig_segv_inner.o(.text) refers to defsig_general.o(.text) for __default_signal_display
    defsig_other.o(.text) refers to defsig_general.o(.text) for __default_signal_display


==============================================================================

Removing Unused input sections from the image.

    Removing stm32f10x_adc.o(.text), (1102 bytes).
    Removing 23lc1024.o(.text), (932 bytes).
    Removing 23lc1024.o(.data), (1 bytes).
    Removing core_cm3.o(.emb_text), (32 bytes).

4 unused section(s) (total 2067 bytes) removed from the image.

==============================================================================

Image Symbol Table

    Local Symbols

    Symbol Name                              Value     Ov Type        Size  Object(Section)

    ../clib/angel/boardlib.s                 0x00000000   Number         0  boardinit3.o ABSOLUTE
    ../clib/angel/boardlib.s                 0x00000000   Number         0  boardinit1.o ABSOLUTE
    ../clib/angel/boardlib.s                 0x00000000   Number         0  boardinit2.o ABSOLUTE
    ../clib/angel/boardlib.s                 0x00000000   Number         0  boardshut.o ABSOLUTE
    ../clib/angel/handlers.s                 0x00000000   Number         0  __scatter_copy.o ABSOLUTE
    ../clib/angel/handlers.s                 0x00000000   Number         0  __scatter_zi.o ABSOLUTE
    ../clib/angel/kernel.s                   0x00000000   Number         0  rtexit2.o ABSOLUTE
    ../clib/angel/kernel.s                   0x00000000   Number         0  __rtentry4.o ABSOLUTE
    ../clib/angel/kernel.s                   0x00000000   Number         0  rtexit.o ABSOLUTE
    ../clib/angel/kernel.s                   0x00000000   Number         0  __rtentry2.o ABSOLUTE
    ../clib/angel/kernel.s                   0x00000000   Number         0  __rtentry.o ABSOLUTE
    ../clib/angel/rt.s                       0x00000000   Number         0  rt_raise.o ABSOLUTE
    ../clib/angel/rt.s                       0x00000000   Number         0  rt_heap_descriptor.o ABSOLUTE
    ../clib/angel/rt.s                       0x00000000   Number         0  rt_heap_descriptor_intlibspace.o ABSOLUTE
    ../clib/angel/rt.s                       0x00000000   Number         0  rt_errno_addr_intlibspace.o ABSOLUTE
    ../clib/angel/rt.s                       0x00000000   Number         0  rt_errno_addr.o ABSOLUTE
    ../clib/angel/scatter.s                  0x00000000   Number         0  __scatter.o ABSOLUTE
    ../clib/angel/startup.s                  0x00000000   Number         0  __main.o ABSOLUTE
    ../clib/angel/sys.s                      0x00000000   Number         0  sys_stackheap_outer.o ABSOLUTE
    ../clib/angel/sys.s                      0x00000000   Number         0  mutex_dummy.o ABSOLUTE
    ../clib/angel/sys.s                      0x00000000   Number         0  libspace.o ABSOLUTE
    ../clib/angel/sys.s                      0x00000000   Number         0  use_no_semi.o ABSOLUTE
    ../clib/angel/sys.s                      0x00000000   Number         0  indicate_semi.o ABSOLUTE
    ../clib/angel/sysapp.c                   0x00000000   Number         0  sys_exit.o ABSOLUTE
    ../clib/angel/sysapp.c                   0x00000000   Number         0  sys_command.o ABSOLUTE
    ../clib/armsys.c                         0x00000000   Number         0  _get_argv_nomalloc.o ABSOLUTE
    ../clib/armsys.c                         0x00000000   Number         0  argv_veneer.o ABSOLUTE
    ../clib/armsys.c                         0x00000000   Number         0  argv_veneer.o ABSOLUTE
    ../clib/armsys.c                         0x00000000   Number         0  no_argv.o ABSOLUTE
    ../clib/armsys.c                         0x00000000   Number         0  _get_argv.o ABSOLUTE
    ../clib/heap1.c                          0x00000000   Number         0  h1_final_mt.o ABSOLUTE
    ../clib/heap1.c                          0x00000000   Number         0  h1_final.o ABSOLUTE
    ../clib/heap1.c                          0x00000000   Number         0  h1_extend_mt.o ABSOLUTE
    ../clib/heap1.c                          0x00000000   Number         0  h1_alloc.o ABSOLUTE
    ../clib/heap1.c                          0x00000000   Number         0  h1_alloc_mt.o ABSOLUTE
    ../clib/heap1.c                          0x00000000   Number         0  h1_init_mt.o ABSOLUTE
    ../clib/heap1.c                          0x00000000   Number         0  h1_extend.o ABSOLUTE
    ../clib/heap1.c                          0x00000000   Number         0  h1_init.o ABSOLUTE
    ../clib/heap1.c                          0x00000000   Number         0  h1_free_mt.o ABSOLUTE
    ../clib/heap1.c                          0x00000000   Number         0  h1_free.o ABSOLUTE
    ../clib/heap2.c                          0x00000000   Number         0  fdtree.o ABSOLUTE
    ../clib/heap2.c                          0x00000000   Number         0  heap2.o ABSOLUTE
    ../clib/heap2.c                          0x00000000   Number         0  heap2mt.o ABSOLUTE
    ../clib/heapalloc.c                      0x00000000   Number         0  term_alloc.o ABSOLUTE
    ../clib/heapalloc.c                      0x00000000   Number         0  heapstubs.o ABSOLUTE
    ../clib/heapalloc.c                      0x00000000   Number         0  init_alloc.o ABSOLUTE
    ../clib/heapalloc.c                      0x00000000   Number         0  hguard.o ABSOLUTE
    ../clib/heapalloc.c                      0x00000000   Number         0  maybetermalloc1.o ABSOLUTE
    ../clib/heapalloc.c                      0x00000000   Number         0  maybetermalloc2.o ABSOLUTE
    ../clib/heapalloc.c                      0x00000000   Number         0  malloc.o ABSOLUTE
    ../clib/heapalloc.c                      0x00000000   Number         0  maybetermalloc2.o ABSOLUTE
    ../clib/heapalloc.c                      0x00000000   Number         0  free.o ABSOLUTE
    ../clib/heapalloc.c                      0x00000000   Number         0  hrguard.o ABSOLUTE
    ../clib/heapalloc.c                      0x00000000   Number         0  maybetermalloc1.o ABSOLUTE
    ../clib/heapaux.c                        0x00000000   Number         0  heapauxa.o ABSOLUTE
    ../clib/heapaux.c                        0x00000000   Number         0  heapauxi.o ABSOLUTE
    ../clib/libinit.s                        0x00000000   Number         0  libshutdown.o ABSOLUTE
    ../clib/libinit.s                        0x00000000   Number         0  libshutdown2.o ABSOLUTE
    ../clib/libinit.s                        0x00000000   Number         0  libinit2.o ABSOLUTE
    ../clib/libinit.s                        0x00000000   Number         0  libinit.o ABSOLUTE
    ../clib/memcpset.s                       0x00000000   Number         0  strcmpv7m.o ABSOLUTE
    ../clib/memcpset.s                       0x00000000   Number         0  rt_memcpy_w.o ABSOLUTE
    ../clib/memcpset.s                       0x00000000   Number         0  rt_memclr_w.o ABSOLUTE
    ../clib/misc.s                           0x00000000   Number         0  printf_stubs.o ABSOLUTE
    ../clib/printf.c                         0x00000000   Number         0  _printf_hex_int.o ABSOLUTE
    ../clib/printf.c                         0x00000000   Number         0  _printf_hex_int_ll.o ABSOLUTE
    ../clib/printf.c                         0x00000000   Number         0  _printf_hex_ptr.o ABSOLUTE
    ../clib/printf.c                         0x00000000   Number         0  _printf_hex_int_ptr.o ABSOLUTE
    ../clib/printf.c                         0x00000000   Number         0  _printf_hex_ll_ptr.o ABSOLUTE
    ../clib/printf.c                         0x00000000   Number         0  _printf_hex_int_ll_ptr.o ABSOLUTE
    ../clib/printf.c                         0x00000000   Number         0  __printf_flags.o ABSOLUTE
    ../clib/printf.c                         0x00000000   Number         0  __printf_flags_ss.o ABSOLUTE
    ../clib/printf.c                         0x00000000   Number         0  __printf_ss.o ABSOLUTE
    ../clib/printf.c                         0x00000000   Number         0  __printf_flags_wp.o ABSOLUTE
    ../clib/printf.c                         0x00000000   Number         0  __printf_ss_wp.o ABSOLUTE
    ../clib/printf.c                         0x00000000   Number         0  __printf_flags_ss_wp.o ABSOLUTE
    ../clib/printf.c                         0x00000000   Number         0  _printf_intcommon.o ABSOLUTE
    ../clib/printf.c                         0x00000000   Number         0  _printf_char_file.o ABSOLUTE
    ../clib/printf.c                         0x00000000   Number         0  _printf_char_common.o ABSOLUTE
    ../clib/printf.c                         0x00000000   Number         0  __printf_wp.o ABSOLUTE
    ../clib/printf.c                         0x00000000   Number         0  __2printf.o ABSOLUTE
    ../clib/printf.c                         0x00000000   Number         0  noretval__2printf.o ABSOLUTE
    ../clib/printf.c                         0x00000000   Number         0  __printf.o ABSOLUTE
    ../clib/printf.c                         0x00000000   Number         0  __printf_nopercent.o ABSOLUTE
    ../clib/printf.c                         0x00000000   Number         0  _printf_pad.o ABSOLUTE
    ../clib/printf.c                         0x00000000   Number         0  _printf_hex_ll.o ABSOLUTE
    ../clib/printf_percent.s                 0x00000000   Number         0  _printf_percent_end.o ABSOLUTE
    ../clib/printf_percent.s                 0x00000000   Number         0  _printf_percent.o ABSOLUTE
    ../clib/printf_percent.s                 0x00000000   Number         0  _printf_x.o ABSOLUTE
    ../clib/signal.c                         0x00000000   Number         0  defsig_rtmem_formal.o ABSOLUTE
    ../clib/signal.c                         0x00000000   Number         0  defsig_rtmem_inner.o ABSOLUTE
    ../clib/signal.c                         0x00000000   Number         0  __raise.o ABSOLUTE
    ../clib/signal.c                         0x00000000   Number         0  defsig_stak_inner.o ABSOLUTE
    ../clib/signal.c                         0x00000000   Number         0  defsig_general.o ABSOLUTE
    ../clib/signal.c                         0x00000000   Number         0  defsig_rtmem_outer.o ABSOLUTE
    ../clib/signal.c                         0x00000000   Number         0  defsig_rtred_formal.o ABSOLUTE
    ../clib/signal.c                         0x00000000   Number         0  defsig_segv_inner.o ABSOLUTE
    ../clib/signal.c                         0x00000000   Number         0  defsig_cppl_inner.o ABSOLUTE
    ../clib/signal.c                         0x00000000   Number         0  defsig_rtred_inner.o ABSOLUTE
    ../clib/signal.c                         0x00000000   Number         0  defsig_pvfn_inner.o ABSOLUTE
    ../clib/signal.c                         0x00000000   Number         0  defsig_abrt_inner.o ABSOLUTE
    ../clib/signal.c                         0x00000000   Number         0  defsig_exit.o ABSOLUTE
    ../clib/signal.c                         0x00000000   Number         0  defsig_rtred_outer.o ABSOLUTE
    ../clib/signal.c                         0x00000000   Number         0  defsig_other.o ABSOLUTE
    ../clib/signal.c                         0x00000000   Number         0  defsig_fpe_inner.o ABSOLUTE
    ../clib/signal.s                         0x00000000   Number         0  defsig.o ABSOLUTE
    ../clib/stdio.c                          0x00000000   Number         0  setvbuf.o ABSOLUTE
    ../clib/stdio.c                          0x00000000   Number         0  fseek.o ABSOLUTE
    ../clib/stdio.c                          0x00000000   Number         0  streamlock.o ABSOLUTE
    ../clib/stdio.c                          0x00000000   Number         0  fopen_locked.o ABSOLUTE
    ../clib/stdio.c                          0x00000000   Number         0  setvbuf_locked.o ABSOLUTE
    ../clib/stdio.c                          0x00000000   Number         0  ftell.o ABSOLUTE
    ../clib/stdio.c                          0x00000000   Number         0  fopen.o ABSOLUTE
    ../clib/stdio.c                          0x00000000   Number         0  fclose.o ABSOLUTE
    ../clib/stdio.c                          0x00000000   Number         0  ferror_locked.o ABSOLUTE
    ../clib/stdio.c                          0x00000000   Number         0  stdio_streams.o ABSOLUTE
    ../clib/stdio.c                          0x00000000   Number         0  ferror.o ABSOLUTE
    ../clib/stdio.c                          0x00000000   Number         0  initio.o ABSOLUTE
    ../clib/stdio.c                          0x00000000   Number         0  initio_locked.o ABSOLUTE
    ../clib/stdio.c                          0x00000000   Number         0  stdio.o ABSOLUTE
    ../clib/stdlib.c                         0x00000000   Number         0  exit.o ABSOLUTE
    ../clib/string.c                         0x00000000   Number         0  strlen.o ABSOLUTE
    ../fplib/fpinit.s                        0x00000000   Number         0  fpinit.o ABSOLUTE
    ..\..\Libraries\CMSIS\CM3\CoreSupport\core_cm3.c 0x00000000   Number         0  core_cm3.o ABSOLUTE
    ..\..\Libraries\CMSIS\CM3\DeviceSupport\ST\STM32F10x\startup\arm\startup_stm32f10x_md.s 0x00000000   Number         0  startup_stm32f10x_md.o ABSOLUTE
    ..\..\Libraries\CMSIS\CM3\DeviceSupport\ST\STM32F10x\system_stm32f10x.c 0x00000000   Number         0  system_stm32f10x.o ABSOLUTE
    ..\..\Libraries\STM32F10x_StdPeriph_Driver\src\23LC1024.c 0x00000000   Number         0  23lc1024.o ABSOLUTE
    ..\..\Libraries\STM32F10x_StdPeriph_Driver\src\i2c_ee.c 0x00000000   Number         0  i2c_ee.o ABSOLUTE
    ..\..\Libraries\STM32F10x_StdPeriph_Driver\src\misc.c 0x00000000   Number         0  misc.o ABSOLUTE
    ..\..\Libraries\STM32F10x_StdPeriph_Driver\src\setup.c 0x00000000   Number         0  setup.o ABSOLUTE
    ..\..\Libraries\STM32F10x_StdPeriph_Driver\src\stm32f10x_adc.c 0x00000000   Number         0  stm32f10x_adc.o ABSOLUTE
    ..\..\Libraries\STM32F10x_StdPeriph_Driver\src\stm32f10x_gpio.c 0x00000000   Number         0  stm32f10x_gpio.o ABSOLUTE
    ..\..\Libraries\STM32F10x_StdPeriph_Driver\src\stm32f10x_i2c.c 0x00000000   Number         0  stm32f10x_i2c.o ABSOLUTE
    ..\..\Libraries\STM32F10x_StdPeriph_Driver\src\stm32f10x_rcc.c 0x00000000   Number         0  stm32f10x_rcc.o ABSOLUTE
    ..\..\Libraries\STM32F10x_StdPeriph_Driver\src\stm32f10x_spi.c 0x00000000   Number         0  stm32f10x_spi.o ABSOLUTE
    ..\..\Libraries\STM32F10x_StdPeriph_Driver\src\stm32f10x_usart.c 0x00000000   Number         0  stm32f10x_usart.o ABSOLUTE
    ..\\..\\Libraries\\CMSIS\\CM3\\CoreSupport\\core_cm3.c 0x00000000   Number         0  core_cm3.o ABSOLUTE
    ..\main.c                                0x00000000   Number         0  main.o ABSOLUTE
    ..\stm32f10x_it.c                        0x00000000   Number         0  stm32f10x_it.o ABSOLUTE
    C:\Keil_v5\ARM\PACK\Keil\ARM_Compiler\1.4.0\Source\retarget_io.c 0x00000000   Number         0  retarget_io.o ABSOLUTE
    dc.s                                     0x00000000   Number         0  dc.o ABSOLUTE
    RESET                                    0x08000000   Section      236  startup_stm32f10x_md.o(RESET)
    !!!main                                  0x080000ec   Section        8  __main.o(!!!main)
    !!!scatter                               0x080000f4   Section       52  __scatter.o(!!!scatter)
    !!handler_copy                           0x08000128   Section       26  __scatter_copy.o(!!handler_copy)
    !!handler_zi                             0x08000144   Section       28  __scatter_zi.o(!!handler_zi)
    .ARM.Collect$$_printf_percent$$00000000  0x08000160   Section        0  _printf_percent.o(.ARM.Collect$$_printf_percent$$00000000)
    .ARM.Collect$$_printf_percent$$0000000C  0x08000160   Section        6  _printf_x.o(.ARM.Collect$$_printf_percent$$0000000C)
    .ARM.Collect$$_printf_percent$$00000017  0x08000166   Section        4  _printf_percent_end.o(.ARM.Collect$$_printf_percent$$00000017)
    .ARM.Collect$$libinit$$00000000          0x0800016a   Section        2  libinit.o(.ARM.Collect$$libinit$$00000000)
    .ARM.Collect$$libinit$$00000002          0x0800016c   Section        0  libinit2.o(.ARM.Collect$$libinit$$00000002)
    .ARM.Collect$$libinit$$00000004          0x0800016c   Section        0  libinit2.o(.ARM.Collect$$libinit$$00000004)
    .ARM.Collect$$libinit$$00000005          0x0800016c   Section        8  libinit2.o(.ARM.Collect$$libinit$$00000005)
    .ARM.Collect$$libinit$$0000000A          0x08000174   Section        0  libinit2.o(.ARM.Collect$$libinit$$0000000A)
    .ARM.Collect$$libinit$$0000000C          0x08000174   Section        0  libinit2.o(.ARM.Collect$$libinit$$0000000C)
    .ARM.Collect$$libinit$$0000000E          0x08000174   Section        0  libinit2.o(.ARM.Collect$$libinit$$0000000E)
    .ARM.Collect$$libinit$$00000011          0x08000174   Section        0  libinit2.o(.ARM.Collect$$libinit$$00000011)
    .ARM.Collect$$libinit$$00000013          0x08000174   Section        0  libinit2.o(.ARM.Collect$$libinit$$00000013)
    .ARM.Collect$$libinit$$00000015          0x08000174   Section        0  libinit2.o(.ARM.Collect$$libinit$$00000015)
    .ARM.Collect$$libinit$$00000017          0x08000174   Section        0  libinit2.o(.ARM.Collect$$libinit$$00000017)
    .ARM.Collect$$libinit$$00000019          0x08000174   Section        0  libinit2.o(.ARM.Collect$$libinit$$00000019)
    .ARM.Collect$$libinit$$0000001B          0x08000174   Section        0  libinit2.o(.ARM.Collect$$libinit$$0000001B)
    .ARM.Collect$$libinit$$0000001D          0x08000174   Section        0  libinit2.o(.ARM.Collect$$libinit$$0000001D)
    .ARM.Collect$$libinit$$0000001F          0x08000174   Section        0  libinit2.o(.ARM.Collect$$libinit$$0000001F)
    .ARM.Collect$$libinit$$00000021          0x08000174   Section        0  libinit2.o(.ARM.Collect$$libinit$$00000021)
    .ARM.Collect$$libinit$$00000023          0x08000174   Section        0  libinit2.o(.ARM.Collect$$libinit$$00000023)
    .ARM.Collect$$libinit$$00000024          0x08000174   Section        4  libinit2.o(.ARM.Collect$$libinit$$00000024)
    .ARM.Collect$$libinit$$00000025          0x08000178   Section        0  libinit2.o(.ARM.Collect$$libinit$$00000025)
    .ARM.Collect$$libinit$$0000002C          0x08000178   Section        0  libinit2.o(.ARM.Collect$$libinit$$0000002C)
    .ARM.Collect$$libinit$$0000002E          0x08000178   Section        0  libinit2.o(.ARM.Collect$$libinit$$0000002E)
    .ARM.Collect$$libinit$$00000030          0x08000178   Section        0  libinit2.o(.ARM.Collect$$libinit$$00000030)
    .ARM.Collect$$libinit$$00000032          0x08000178   Section        0  libinit2.o(.ARM.Collect$$libinit$$00000032)
    .ARM.Collect$$libinit$$00000033          0x08000178   Section        2  libinit2.o(.ARM.Collect$$libinit$$00000033)
    .ARM.Collect$$libshutdown$$00000000      0x0800017a   Section        2  libshutdown.o(.ARM.Collect$$libshutdown$$00000000)
    .ARM.Collect$$libshutdown$$00000002      0x0800017c   Section        0  libshutdown2.o(.ARM.Collect$$libshutdown$$00000002)
    .ARM.Collect$$libshutdown$$00000003      0x0800017c   Section        4  libshutdown2.o(.ARM.Collect$$libshutdown$$00000003)
    .ARM.Collect$$libshutdown$$00000004      0x08000180   Section        0  libshutdown2.o(.ARM.Collect$$libshutdown$$00000004)
    .ARM.Collect$$libshutdown$$00000007      0x08000180   Section        0  libshutdown2.o(.ARM.Collect$$libshutdown$$00000007)
    .ARM.Collect$$libshutdown$$0000000A      0x08000180   Section        0  libshutdown2.o(.ARM.Collect$$libshutdown$$0000000A)
    .ARM.Collect$$libshutdown$$0000000C      0x08000180   Section        0  libshutdown2.o(.ARM.Collect$$libshutdown$$0000000C)
    .ARM.Collect$$libshutdown$$0000000F      0x08000180   Section        0  libshutdown2.o(.ARM.Collect$$libshutdown$$0000000F)
    .ARM.Collect$$libshutdown$$00000010      0x08000180   Section        2  libshutdown2.o(.ARM.Collect$$libshutdown$$00000010)
    .ARM.Collect$$rtentry$$00000000          0x08000182   Section        0  __rtentry.o(.ARM.Collect$$rtentry$$00000000)
    .ARM.Collect$$rtentry$$00000002          0x08000182   Section        0  __rtentry2.o(.ARM.Collect$$rtentry$$00000002)
    .ARM.Collect$$rtentry$$00000004          0x08000182   Section        6  __rtentry4.o(.ARM.Collect$$rtentry$$00000004)
    .ARM.Collect$$rtentry$$00000009          0x08000188   Section        0  __rtentry2.o(.ARM.Collect$$rtentry$$00000009)
    .ARM.Collect$$rtentry$$0000000A          0x08000188   Section        4  __rtentry2.o(.ARM.Collect$$rtentry$$0000000A)
    .ARM.Collect$$rtentry$$0000000C          0x0800018c   Section        0  __rtentry2.o(.ARM.Collect$$rtentry$$0000000C)
    .ARM.Collect$$rtentry$$0000000D          0x0800018c   Section        8  __rtentry2.o(.ARM.Collect$$rtentry$$0000000D)
    .ARM.Collect$$rtexit$$00000000           0x08000194   Section        2  rtexit.o(.ARM.Collect$$rtexit$$00000000)
    .ARM.Collect$$rtexit$$00000002           0x08000196   Section        0  rtexit2.o(.ARM.Collect$$rtexit$$00000002)
    .ARM.Collect$$rtexit$$00000003           0x08000196   Section        4  rtexit2.o(.ARM.Collect$$rtexit$$00000003)
    .ARM.Collect$$rtexit$$00000004           0x0800019a   Section        6  rtexit2.o(.ARM.Collect$$rtexit$$00000004)
    .emb_text                                0x080001a0   Section        0  maybetermalloc1.o(.emb_text)
    .text                                    0x080001a0   Section        0  main.o(.text)
    .text                                    0x0800035c   Section        0  stm32f10x_it.o(.text)
    .text                                    0x080003f0   Section        0  misc.o(.text)
    .text                                    0x080004cc   Section        0  stm32f10x_gpio.o(.text)
    .text                                    0x08000828   Section        0  stm32f10x_rcc.o(.text)
    .text                                    0x08000bcc   Section        0  stm32f10x_usart.o(.text)
    .text                                    0x08000fd4   Section        0  stm32f10x_spi.o(.text)
    .text                                    0x080012e0   Section        0  setup.o(.text)
    .text                                    0x08001428   Section        0  i2c_ee.o(.text)
    I2C_GPIO_Config                          0x08001429   Thumb Code    46  i2c_ee.o(.text)
    I2C_Mode_Configu                         0x08001457   Thumb Code    58  i2c_ee.o(.text)
    .text                                    0x08001808   Section        0  stm32f10x_i2c.o(.text)
    .text                                    0x08001c0c   Section        0  system_stm32f10x.o(.text)
    SetSysClockTo72                          0x08001c0d   Thumb Code   214  system_stm32f10x.o(.text)
    SetSysClock                              0x08001ce3   Thumb Code     8  system_stm32f10x.o(.text)
    .text                                    0x08001dec   Section       64  startup_stm32f10x_md.o(.text)
    .text                                    0x08001e2c   Section        0  retarget_io.o(.text)
    stdin_getchar                            0x08001e2d   Thumb Code     8  retarget_io.o(.text)
    stdout_putchar                           0x08001e35   Thumb Code     4  retarget_io.o(.text)
    .text                                    0x08001fd0   Section        0  noretval__2printf.o(.text)
    .text                                    0x08001fe8   Section        0  _printf_pad.o(.text)
    .text                                    0x08002038   Section        0  _printf_hex_int.o(.text)
    .text                                    0x08002090   Section        0  __printf_flags_wp.o(.text)
    .text                                    0x080021c8   Section      128  strcmpv7m.o(.text)
    .text                                    0x08002248   Section        0  heapauxi.o(.text)
    .text                                    0x0800224e   Section        0  _printf_intcommon.o(.text)
    .text                                    0x08002300   Section        0  _printf_char_file.o(.text)
    .text                                    0x08002324   Section        0  _printf_char_common.o(.text)
    _printf_input_char                       0x08002325   Thumb Code    10  _printf_char_common.o(.text)
    .text                                    0x08002354   Section        0  ferror.o(.text)
    .text                                    0x0800235c   Section        0  initio.o(.text)
    .text                                    0x08002494   Section       74  sys_stackheap_outer.o(.text)
    .text                                    0x080024de   Section        0  h1_free.o(.text)
    .text                                    0x0800252c   Section        0  setvbuf.o(.text)
    .text                                    0x08002574   Section        0  fopen.o(.text)
    _freopen_locked                          0x08002575   Thumb Code     0  fopen.o(.text)
    .text                                    0x08002660   Section        0  fclose.o(.text)
    .text                                    0x080026ac   Section        0  exit.o(.text)
    .text                                    0x080026be   Section        0  defsig_rtred_outer.o(.text)
    .text                                    0x080026cc   Section       78  rt_memclr_w.o(.text)
    .text                                    0x0800271c   Section        8  libspace.o(.text)
    .text                                    0x08002724   Section        8  rt_heap_descriptor_intlibspace.o(.text)
    .text                                    0x0800272c   Section        0  hguard.o(.text)
    .text                                    0x08002730   Section        0  init_alloc.o(.text)
    .text                                    0x080027ba   Section        0  h1_alloc.o(.text)
    .text                                    0x08002818   Section        0  fseek.o(.text)
    .text                                    0x08002910   Section        0  stdio.o(.text)
    .text                                    0x08002a00   Section        0  defsig_exit.o(.text)
    .text                                    0x08002a0c   Section        0  defsig_rtred_inner.o(.text)
    .text                                    0x08002a40   Section        0  sys_exit.o(.text)
    .text                                    0x08002a4c   Section        0  h1_init.o(.text)
    .text                                    0x08002a5a   Section        0  h1_extend.o(.text)
    .text                                    0x08002a8e   Section        0  ftell.o(.text)
    .text                                    0x08002ad0   Section        0  defsig_general.o(.text)
    .text                                    0x08002b02   Section        0  defsig_rtmem_outer.o(.text)
    .text                                    0x08002b10   Section        2  use_no_semi.o(.text)
    .text                                    0x08002b12   Section        0  indicate_semi.o(.text)
    .text                                    0x08002b14   Section        8  rt_errno_addr_intlibspace.o(.text)
    .text                                    0x08002b1c   Section        0  defsig_rtmem_inner.o(.text)
    i._is_digit                              0x08002b6c   Section        0  __printf_wp.o(i._is_digit)
    .constdata                               0x08002b7a   Section       23  retarget_io.o(.constdata)
    .constdata                               0x08002b91   Section       40  _printf_hex_int.o(.constdata)
    uc_hextab                                0x08002b91   Data          20  _printf_hex_int.o(.constdata)
    lc_hextab                                0x08002ba5   Data          20  _printf_hex_int.o(.constdata)
    .constdata                               0x08002bb9   Section       17  __printf_flags_wp.o(.constdata)
    maptable                                 0x08002bb9   Data          17  __printf_flags_wp.o(.constdata)
    .data                                    0x20000000   Section       20  stm32f10x_rcc.o(.data)
    APBAHBPrescTable                         0x20000000   Data          16  stm32f10x_rcc.o(.data)
    ADCPrescTable                            0x20000010   Data           4  stm32f10x_rcc.o(.data)
    .data                                    0x20000014   Section        8  setup.o(.data)
    .data                                    0x2000001c   Section        2  i2c_ee.o(.data)
    .data                                    0x20000020   Section       20  system_stm32f10x.o(.data)
    .data                                    0x20000034   Section        4  stdio_streams.o(.data)
    .data                                    0x20000038   Section        4  stdio_streams.o(.data)
    .data                                    0x2000003c   Section        4  stdio_streams.o(.data)
    .bss                                     0x20000040   Section      512  main.o(.bss)
    .bss                                     0x20000240   Section       34  setup.o(.bss)
    .bss                                     0x20000264   Section       84  stdio_streams.o(.bss)
    .bss                                     0x200002b8   Section       84  stdio_streams.o(.bss)
    .bss                                     0x2000030c   Section       84  stdio_streams.o(.bss)
    .bss                                     0x20000360   Section       96  libspace.o(.bss)
    HEAP                                     0x200003c0   Section      512  startup_stm32f10x_md.o(HEAP)
    Heap_Mem                                 0x200003c0   Data         512  startup_stm32f10x_md.o(HEAP)
    STACK                                    0x200005c0   Section     1024  startup_stm32f10x_md.o(STACK)
    Stack_Mem                                0x200005c0   Data        1024  startup_stm32f10x_md.o(STACK)
    __initial_sp                             0x200009c0   Data           0  startup_stm32f10x_md.o(STACK)

    Global Symbols

    Symbol Name                              Value     Ov Type        Size  Object(Section)

    BuildAttributes$$THM_ISAv4$P$D$K$B$S$PE$A:L22UL41UL21$X:L11$S22US41US21$IEEE1$IW$USESV6$~STKCKD$USESV7$~SHL$OTIME$ROPI$EBA8$UX$STANDARDLIB$REQ8$PRES8$EABIv2 0x00000000   Number         0  anon$$obj.o ABSOLUTE
    __ARM_use_no_argv                        0x00000000   Number         0  main.o ABSOLUTE
    _printf_flags                            0x00000000   Number         0  printf_stubs.o ABSOLUTE
    _printf_return_value                     0x00000000   Number         0  printf_stubs.o ABSOLUTE
    _printf_sizespec                         0x00000000   Number         0  printf_stubs.o ABSOLUTE
    _printf_widthprec                        0x00000000   Number         0  printf_stubs.o ABSOLUTE
    __ARM_exceptions_init                     - Undefined Weak Reference
    __alloca_initialize                       - Undefined Weak Reference
    __arm_preinit_                            - Undefined Weak Reference
    __cpp_initialize__aeabi_                  - Undefined Weak Reference
    __cxa_finalize                            - Undefined Weak Reference
    __rt_locale                               - Undefined Weak Reference
    __sigvec_lookup                           - Undefined Weak Reference
    __user_heap_extent                        - Undefined Weak Reference
    _atexit_init                              - Undefined Weak Reference
    _call_atexit_fns                          - Undefined Weak Reference
    _clock_init                               - Undefined Weak Reference
    _fp_trap_init                             - Undefined Weak Reference
    _fp_trap_shutdown                         - Undefined Weak Reference
    _get_lc_collate                           - Undefined Weak Reference
    _get_lc_ctype                             - Undefined Weak Reference
    _get_lc_monetary                          - Undefined Weak Reference
    _get_lc_numeric                           - Undefined Weak Reference
    _get_lc_time                              - Undefined Weak Reference
    _getenv_init                              - Undefined Weak Reference
    _handle_redirection                       - Undefined Weak Reference
    _mutex_acquire                            - Undefined Weak Reference
    _mutex_free                               - Undefined Weak Reference
    _mutex_release                            - Undefined Weak Reference
    _printf_truncate_unsigned                 - Undefined Weak Reference
    _rand_init                                - Undefined Weak Reference
    _signal_finish                            - Undefined Weak Reference
    _signal_init                              - Undefined Weak Reference
    __Vectors_Size                           0x000000ec   Number         0  startup_stm32f10x_md.o ABSOLUTE
    __Vectors                                0x08000000   Data           4  startup_stm32f10x_md.o(RESET)
    __Vectors_End                            0x080000ec   Data           0  startup_stm32f10x_md.o(RESET)
    __main                                   0x080000ed   Thumb Code     8  __main.o(!!!main)
    __scatterload                            0x080000f5   Thumb Code     0  __scatter.o(!!!scatter)
    __scatterload_rt2                        0x080000f5   Thumb Code    44  __scatter.o(!!!scatter)
    __scatterload_rt2_thumb_only             0x080000f5   Thumb Code     0  __scatter.o(!!!scatter)
    __scatterload_null                       0x08000103   Thumb Code     0  __scatter.o(!!!scatter)
    __scatterload_copy                       0x08000129   Thumb Code    26  __scatter_copy.o(!!handler_copy)
    __scatterload_zeroinit                   0x08000145   Thumb Code    28  __scatter_zi.o(!!handler_zi)
    _printf_percent                          0x08000161   Thumb Code     0  _printf_percent.o(.ARM.Collect$$_printf_percent$$00000000)
    _printf_x                                0x08000161   Thumb Code     0  _printf_x.o(.ARM.Collect$$_printf_percent$$0000000C)
    _printf_percent_end                      0x08000167   Thumb Code     0  _printf_percent_end.o(.ARM.Collect$$_printf_percent$$00000017)
    __rt_lib_init                            0x0800016b   Thumb Code     0  libinit.o(.ARM.Collect$$libinit$$00000000)
    __rt_lib_init_fp_1                       0x0800016d   Thumb Code     0  libinit2.o(.ARM.Collect$$libinit$$00000002)
    __rt_lib_init_heap_2                     0x0800016d   Thumb Code     0  libinit2.o(.ARM.Collect$$libinit$$00000005)
    __rt_lib_init_preinit_1                  0x0800016d   Thumb Code     0  libinit2.o(.ARM.Collect$$libinit$$00000004)
    __rt_lib_init_atexit_1                   0x08000175   Thumb Code     0  libinit2.o(.ARM.Collect$$libinit$$0000001B)
    __rt_lib_init_clock_1                    0x08000175   Thumb Code     0  libinit2.o(.ARM.Collect$$libinit$$00000021)
    __rt_lib_init_fp_trap_1                  0x08000175   Thumb Code     0  libinit2.o(.ARM.Collect$$libinit$$0000001F)
    __rt_lib_init_getenv_1                   0x08000175   Thumb Code     0  libinit2.o(.ARM.Collect$$libinit$$00000023)
    __rt_lib_init_heap_1                     0x08000175   Thumb Code     0  libinit2.o(.ARM.Collect$$libinit$$0000000A)
    __rt_lib_init_lc_collate_1               0x08000175   Thumb Code     0  libinit2.o(.ARM.Collect$$libinit$$00000011)
    __rt_lib_init_lc_ctype_1                 0x08000175   Thumb Code     0  libinit2.o(.ARM.Collect$$libinit$$00000013)
    __rt_lib_init_lc_monetary_1              0x08000175   Thumb Code     0  libinit2.o(.ARM.Collect$$libinit$$00000015)
    __rt_lib_init_lc_numeric_1               0x08000175   Thumb Code     0  libinit2.o(.ARM.Collect$$libinit$$00000017)
    __rt_lib_init_lc_time_1                  0x08000175   Thumb Code     0  libinit2.o(.ARM.Collect$$libinit$$00000019)
    __rt_lib_init_rand_1                     0x08000175   Thumb Code     0  libinit2.o(.ARM.Collect$$libinit$$0000000E)
    __rt_lib_init_signal_1                   0x08000175   Thumb Code     0  libinit2.o(.ARM.Collect$$libinit$$0000001D)
    __rt_lib_init_stdio_2                    0x08000175   Thumb Code     0  libinit2.o(.ARM.Collect$$libinit$$00000024)
    __rt_lib_init_user_alloc_1               0x08000175   Thumb Code     0  libinit2.o(.ARM.Collect$$libinit$$0000000C)
    __rt_lib_init_alloca_1                   0x08000179   Thumb Code     0  libinit2.o(.ARM.Collect$$libinit$$0000002E)
    __rt_lib_init_argv_1                     0x08000179   Thumb Code     0  libinit2.o(.ARM.Collect$$libinit$$0000002C)
    __rt_lib_init_cpp_1                      0x08000179   Thumb Code     0  libinit2.o(.ARM.Collect$$libinit$$00000032)
    __rt_lib_init_exceptions_1               0x08000179   Thumb Code     0  libinit2.o(.ARM.Collect$$libinit$$00000030)
    __rt_lib_init_return                     0x08000179   Thumb Code     0  libinit2.o(.ARM.Collect$$libinit$$00000033)
    __rt_lib_init_stdio_1                    0x08000179   Thumb Code     0  libinit2.o(.ARM.Collect$$libinit$$00000025)
    __rt_lib_shutdown                        0x0800017b   Thumb Code     0  libshutdown.o(.ARM.Collect$$libshutdown$$00000000)
    __rt_lib_shutdown_cpp_1                  0x0800017d   Thumb Code     0  libshutdown2.o(.ARM.Collect$$libshutdown$$00000002)
    __rt_lib_shutdown_stdio_2                0x0800017d   Thumb Code     0  libshutdown2.o(.ARM.Collect$$libshutdown$$00000003)
    __rt_lib_shutdown_fp_trap_1              0x08000181   Thumb Code     0  libshutdown2.o(.ARM.Collect$$libshutdown$$00000007)
    __rt_lib_shutdown_heap_1                 0x08000181   Thumb Code     0  libshutdown2.o(.ARM.Collect$$libshutdown$$0000000F)
    __rt_lib_shutdown_return                 0x08000181   Thumb Code     0  libshutdown2.o(.ARM.Collect$$libshutdown$$00000010)
    __rt_lib_shutdown_signal_1               0x08000181   Thumb Code     0  libshutdown2.o(.ARM.Collect$$libshutdown$$0000000A)
    __rt_lib_shutdown_stdio_1                0x08000181   Thumb Code     0  libshutdown2.o(.ARM.Collect$$libshutdown$$00000004)
    __rt_lib_shutdown_user_alloc_1           0x08000181   Thumb Code     0  libshutdown2.o(.ARM.Collect$$libshutdown$$0000000C)
    __rt_entry                               0x08000183   Thumb Code     0  __rtentry.o(.ARM.Collect$$rtentry$$00000000)
    __rt_entry_presh_1                       0x08000183   Thumb Code     0  __rtentry2.o(.ARM.Collect$$rtentry$$00000002)
    __rt_entry_sh                            0x08000183   Thumb Code     0  __rtentry4.o(.ARM.Collect$$rtentry$$00000004)
    __rt_entry_li                            0x08000189   Thumb Code     0  __rtentry2.o(.ARM.Collect$$rtentry$$0000000A)
    __rt_entry_postsh_1                      0x08000189   Thumb Code     0  __rtentry2.o(.ARM.Collect$$rtentry$$00000009)
    __rt_entry_main                          0x0800018d   Thumb Code     0  __rtentry2.o(.ARM.Collect$$rtentry$$0000000D)
    __rt_entry_postli_1                      0x0800018d   Thumb Code     0  __rtentry2.o(.ARM.Collect$$rtentry$$0000000C)
    __rt_exit                                0x08000195   Thumb Code     0  rtexit.o(.ARM.Collect$$rtexit$$00000000)
    __rt_exit_ls                             0x08000197   Thumb Code     0  rtexit2.o(.ARM.Collect$$rtexit$$00000003)
    __rt_exit_prels_1                        0x08000197   Thumb Code     0  rtexit2.o(.ARM.Collect$$rtexit$$00000002)
    __rt_exit_exit                           0x0800019b   Thumb Code     0  rtexit2.o(.ARM.Collect$$rtexit$$00000004)
    _maybe_terminate_alloc                   0x080001a1   Thumb Code     0  maybetermalloc1.o(.emb_text)
    fputc                                    0x080001a1   Thumb Code    32  main.o(.text)
    I2C_Test                                 0x080001c1   Thumb Code   170  main.o(.text)
    main                                     0x0800026b   Thumb Code    32  main.o(.text)
    NMI_Handler                              0x0800035d   Thumb Code     2  stm32f10x_it.o(.text)
    HardFault_Handler                        0x0800035f   Thumb Code     4  stm32f10x_it.o(.text)
    MemManage_Handler                        0x08000363   Thumb Code     4  stm32f10x_it.o(.text)
    BusFault_Handler                         0x08000367   Thumb Code     4  stm32f10x_it.o(.text)
    UsageFault_Handler                       0x0800036b   Thumb Code     4  stm32f10x_it.o(.text)
    DebugMon_Handler                         0x0800036f   Thumb Code     2  stm32f10x_it.o(.text)
    SVC_Handler                              0x08000371   Thumb Code     2  stm32f10x_it.o(.text)
    PendSV_Handler                           0x08000373   Thumb Code     2  stm32f10x_it.o(.text)
    SysTick_Handler                          0x08000375   Thumb Code     2  stm32f10x_it.o(.text)
    WWDG_IRQHandler                          0x08000377   Thumb Code     2  stm32f10x_it.o(.text)
    PVD_IRQHandler                           0x08000379   Thumb Code     2  stm32f10x_it.o(.text)
    TAMPER_IRQHandler                        0x0800037b   Thumb Code     2  stm32f10x_it.o(.text)
    RTC_IRQHandler                           0x0800037d   Thumb Code     2  stm32f10x_it.o(.text)
    FLASH_IRQHandler                         0x0800037f   Thumb Code     2  stm32f10x_it.o(.text)
    RCC_IRQHandler                           0x08000381   Thumb Code     2  stm32f10x_it.o(.text)
    EXTI0_IRQHandler                         0x08000383   Thumb Code     2  stm32f10x_it.o(.text)
    EXTI1_IRQHandler                         0x08000385   Thumb Code     2  stm32f10x_it.o(.text)
    EXTI2_IRQHandler                         0x08000387   Thumb Code     2  stm32f10x_it.o(.text)
    EXTI3_IRQHandler                         0x08000389   Thumb Code     2  stm32f10x_it.o(.text)
    EXTI4_IRQHandler                         0x0800038b   Thumb Code     2  stm32f10x_it.o(.text)
    DMA1_Channel1_IRQHandler                 0x0800038d   Thumb Code     2  stm32f10x_it.o(.text)
    DMA1_Channel2_IRQHandler                 0x0800038f   Thumb Code     2  stm32f10x_it.o(.text)
    DMA1_Channel3_IRQHandler                 0x08000391   Thumb Code     2  stm32f10x_it.o(.text)
    DMA1_Channel4_IRQHandler                 0x08000393   Thumb Code     2  stm32f10x_it.o(.text)
    DMA1_Channel5_IRQHandler                 0x08000395   Thumb Code     2  stm32f10x_it.o(.text)
    DMA1_Channel6_IRQHandler                 0x08000397   Thumb Code     2  stm32f10x_it.o(.text)
    DMA1_Channel7_IRQHandler                 0x08000399   Thumb Code     2  stm32f10x_it.o(.text)
    ADC1_2_IRQHandler                        0x0800039b   Thumb Code     2  stm32f10x_it.o(.text)
    USB_HP_CAN_TX_IRQHandler                 0x0800039d   Thumb Code     2  stm32f10x_it.o(.text)
    USB_LP_CAN_RX0_IRQHandler                0x0800039f   Thumb Code     2  stm32f10x_it.o(.text)
    CAN_RX1_IRQHandler                       0x080003a1   Thumb Code     2  stm32f10x_it.o(.text)
    CAN_SCE_IRQHandler                       0x080003a3   Thumb Code     2  stm32f10x_it.o(.text)
    EXTI9_5_IRQHandler                       0x080003a5   Thumb Code     2  stm32f10x_it.o(.text)
    TIM1_BRK_IRQHandler                      0x080003a7   Thumb Code     2  stm32f10x_it.o(.text)
    TIM1_UP_IRQHandler                       0x080003a9   Thumb Code     2  stm32f10x_it.o(.text)
    TIM1_TRG_COM_IRQHandler                  0x080003ab   Thumb Code     2  stm32f10x_it.o(.text)
    TIM1_CC_IRQHandler                       0x080003ad   Thumb Code     2  stm32f10x_it.o(.text)
    TIM2_IRQHandler                          0x080003af   Thumb Code     2  stm32f10x_it.o(.text)
    TIM3_IRQHandler                          0x080003b1   Thumb Code     2  stm32f10x_it.o(.text)
    TIM4_IRQHandler                          0x080003b3   Thumb Code     2  stm32f10x_it.o(.text)
    I2C1_EV_IRQHandler                       0x080003b5   Thumb Code     2  stm32f10x_it.o(.text)
    I2C1_ER_IRQHandler                       0x080003b7   Thumb Code     2  stm32f10x_it.o(.text)
    I2C2_EV_IRQHandler                       0x080003b9   Thumb Code     2  stm32f10x_it.o(.text)
    I2C2_ER_IRQHandler                       0x080003bb   Thumb Code     2  stm32f10x_it.o(.text)
    SPI1_IRQHandler                          0x080003bd   Thumb Code     2  stm32f10x_it.o(.text)
    SPI2_IRQHandler                          0x080003bf   Thumb Code     2  stm32f10x_it.o(.text)
    USART1_IRQHandler                        0x080003c1   Thumb Code     2  stm32f10x_it.o(.text)
    USART2_IRQHandler                        0x080003c3   Thumb Code     2  stm32f10x_it.o(.text)
    USART3_IRQHandler                        0x080003c5   Thumb Code     2  stm32f10x_it.o(.text)
    EXTI15_10_IRQHandler                     0x080003c7   Thumb Code     2  stm32f10x_it.o(.text)
    RTCAlarm_IRQHandler                      0x080003c9   Thumb Code     2  stm32f10x_it.o(.text)
    USBWakeUp_IRQHandler                     0x080003cb   Thumb Code     2  stm32f10x_it.o(.text)
    TIM8_BRK_IRQHandler                      0x080003cd   Thumb Code     2  stm32f10x_it.o(.text)
    TIM8_UP_IRQHandler                       0x080003cf   Thumb Code     2  stm32f10x_it.o(.text)
    TIM8_TRG_COM_IRQHandler                  0x080003d1   Thumb Code     2  stm32f10x_it.o(.text)
    TIM8_CC_IRQHandler                       0x080003d3   Thumb Code     2  stm32f10x_it.o(.text)
    ADC3_IRQHandler                          0x080003d5   Thumb Code     2  stm32f10x_it.o(.text)
    FSMC_IRQHandler                          0x080003d7   Thumb Code     2  stm32f10x_it.o(.text)
    SDIO_IRQHandler                          0x080003d9   Thumb Code     2  stm32f10x_it.o(.text)
    TIM5_IRQHandler                          0x080003db   Thumb Code     2  stm32f10x_it.o(.text)
    SPI3_IRQHandler                          0x080003dd   Thumb Code     2  stm32f10x_it.o(.text)
    UART4_IRQHandler                         0x080003df   Thumb Code     2  stm32f10x_it.o(.text)
    UART5_IRQHandler                         0x080003e1   Thumb Code     2  stm32f10x_it.o(.text)
    TIM6_IRQHandler                          0x080003e3   Thumb Code     2  stm32f10x_it.o(.text)
    TIM7_IRQHandler                          0x080003e5   Thumb Code     2  stm32f10x_it.o(.text)
    DMA2_Channel1_IRQHandler                 0x080003e7   Thumb Code     2  stm32f10x_it.o(.text)
    DMA2_Channel2_IRQHandler                 0x080003e9   Thumb Code     2  stm32f10x_it.o(.text)
    DMA2_Channel3_IRQHandler                 0x080003eb   Thumb Code     2  stm32f10x_it.o(.text)
    DMA2_Channel4_5_IRQHandler               0x080003ed   Thumb Code     2  stm32f10x_it.o(.text)
    NVIC_PriorityGroupConfig                 0x080003f1   Thumb Code    10  misc.o(.text)
    NVIC_Init                                0x080003fb   Thumb Code   100  misc.o(.text)
    NVIC_SetVectorTable                      0x0800045f   Thumb Code    14  misc.o(.text)
    NVIC_SystemLPConfig                      0x0800046d   Thumb Code    34  misc.o(.text)
    SysTick_CLKSourceConfig                  0x0800048f   Thumb Code    40  misc.o(.text)
    GPIO_DeInit                              0x080004cd   Thumb Code   172  stm32f10x_gpio.o(.text)
    GPIO_AFIODeInit                          0x08000579   Thumb Code    20  stm32f10x_gpio.o(.text)
    GPIO_Init                                0x0800058d   Thumb Code   278  stm32f10x_gpio.o(.text)
    GPIO_StructInit                          0x080006a3   Thumb Code    16  stm32f10x_gpio.o(.text)
    GPIO_ReadInputDataBit                    0x080006b3   Thumb Code    18  stm32f10x_gpio.o(.text)
    GPIO_ReadInputData                       0x080006c5   Thumb Code     8  stm32f10x_gpio.o(.text)
    GPIO_ReadOutputDataBit                   0x080006cd   Thumb Code    18  stm32f10x_gpio.o(.text)
    GPIO_ReadOutputData                      0x080006df   Thumb Code     8  stm32f10x_gpio.o(.text)
    GPIO_SetBits                             0x080006e7   Thumb Code     4  stm32f10x_gpio.o(.text)
    GPIO_ResetBits                           0x080006eb   Thumb Code     4  stm32f10x_gpio.o(.text)
    GPIO_WriteBit                            0x080006ef   Thumb Code    10  stm32f10x_gpio.o(.text)
    GPIO_Write                               0x080006f9   Thumb Code     4  stm32f10x_gpio.o(.text)
    GPIO_PinLockConfig                       0x080006fd   Thumb Code    18  stm32f10x_gpio.o(.text)
    GPIO_EventOutputConfig                   0x0800070f   Thumb Code    26  stm32f10x_gpio.o(.text)
    GPIO_EventOutputCmd                      0x08000729   Thumb Code     6  stm32f10x_gpio.o(.text)
    GPIO_PinRemapConfig                      0x0800072f   Thumb Code   138  stm32f10x_gpio.o(.text)
    GPIO_EXTILineConfig                      0x080007b9   Thumb Code    66  stm32f10x_gpio.o(.text)
    GPIO_ETH_MediaInterfaceConfig            0x080007fb   Thumb Code     8  stm32f10x_gpio.o(.text)
    RCC_DeInit                               0x08000829   Thumb Code    64  stm32f10x_rcc.o(.text)
    RCC_HSEConfig                            0x08000869   Thumb Code    70  stm32f10x_rcc.o(.text)
    RCC_GetFlagStatus                        0x080008af   Thumb Code    56  stm32f10x_rcc.o(.text)
    RCC_WaitForHSEStartUp                    0x080008e7   Thumb Code    56  stm32f10x_rcc.o(.text)
    RCC_AdjustHSICalibrationValue            0x0800091f   Thumb Code    20  stm32f10x_rcc.o(.text)
    RCC_HSICmd                               0x08000933   Thumb Code     6  stm32f10x_rcc.o(.text)
    RCC_PLLConfig                            0x08000939   Thumb Code    24  stm32f10x_rcc.o(.text)
    RCC_PLLCmd                               0x08000951   Thumb Code     6  stm32f10x_rcc.o(.text)
    RCC_SYSCLKConfig                         0x08000957   Thumb Code    18  stm32f10x_rcc.o(.text)
    RCC_GetSYSCLKSource                      0x08000969   Thumb Code    10  stm32f10x_rcc.o(.text)
    RCC_HCLKConfig                           0x08000973   Thumb Code    18  stm32f10x_rcc.o(.text)
    RCC_PCLK1Config                          0x08000985   Thumb Code    18  stm32f10x_rcc.o(.text)
    RCC_PCLK2Config                          0x08000997   Thumb Code    20  stm32f10x_rcc.o(.text)
    RCC_ITConfig                             0x080009ab   Thumb Code    26  stm32f10x_rcc.o(.text)
    RCC_USBCLKConfig                         0x080009c5   Thumb Code     8  stm32f10x_rcc.o(.text)
    RCC_ADCCLKConfig                         0x080009cd   Thumb Code    18  stm32f10x_rcc.o(.text)
    RCC_LSEConfig                            0x080009df   Thumb Code    50  stm32f10x_rcc.o(.text)
    RCC_LSICmd                               0x08000a11   Thumb Code     6  stm32f10x_rcc.o(.text)
    RCC_RTCCLKConfig                         0x08000a17   Thumb Code    12  stm32f10x_rcc.o(.text)
    RCC_RTCCLKCmd                            0x08000a23   Thumb Code     8  stm32f10x_rcc.o(.text)
    RCC_GetClocksFreq                        0x08000a2b   Thumb Code   192  stm32f10x_rcc.o(.text)
    RCC_AHBPeriphClockCmd                    0x08000aeb   Thumb Code    26  stm32f10x_rcc.o(.text)
    RCC_APB2PeriphClockCmd                   0x08000b05   Thumb Code    26  stm32f10x_rcc.o(.text)
    RCC_APB1PeriphClockCmd                   0x08000b1f   Thumb Code    26  stm32f10x_rcc.o(.text)
    RCC_APB2PeriphResetCmd                   0x08000b39   Thumb Code    26  stm32f10x_rcc.o(.text)
    RCC_APB1PeriphResetCmd                   0x08000b53   Thumb Code    26  stm32f10x_rcc.o(.text)
    RCC_BackupResetCmd                       0x08000b6d   Thumb Code     8  stm32f10x_rcc.o(.text)
    RCC_ClockSecuritySystemCmd               0x08000b75   Thumb Code     6  stm32f10x_rcc.o(.text)
    RCC_MCOConfig                            0x08000b7b   Thumb Code     6  stm32f10x_rcc.o(.text)
    RCC_ClearFlag                            0x08000b81   Thumb Code    14  stm32f10x_rcc.o(.text)
    RCC_GetITStatus                          0x08000b8f   Thumb Code    20  stm32f10x_rcc.o(.text)
    RCC_ClearITPendingBit                    0x08000ba3   Thumb Code     6  stm32f10x_rcc.o(.text)
    USART_DeInit                             0x08000bcd   Thumb Code   134  stm32f10x_usart.o(.text)
    USART_Init                               0x08000c53   Thumb Code   210  stm32f10x_usart.o(.text)
    USART_StructInit                         0x08000d25   Thumb Code    24  stm32f10x_usart.o(.text)
    USART_ClockInit                          0x08000d3d   Thumb Code    34  stm32f10x_usart.o(.text)
    USART_ClockStructInit                    0x08000d5f   Thumb Code    12  stm32f10x_usart.o(.text)
    USART_Cmd                                0x08000d6b   Thumb Code    24  stm32f10x_usart.o(.text)
    USART_ITConfig                           0x08000d83   Thumb Code    74  stm32f10x_usart.o(.text)
    USART_DMACmd                             0x08000dcd   Thumb Code    18  stm32f10x_usart.o(.text)
    USART_SetAddress                         0x08000ddf   Thumb Code    18  stm32f10x_usart.o(.text)
    USART_WakeUpConfig                       0x08000df1   Thumb Code    18  stm32f10x_usart.o(.text)
    USART_ReceiverWakeUpCmd                  0x08000e03   Thumb Code    24  stm32f10x_usart.o(.text)
    USART_LINBreakDetectLengthConfig         0x08000e1b   Thumb Code    18  stm32f10x_usart.o(.text)
    USART_LINCmd                             0x08000e2d   Thumb Code    24  stm32f10x_usart.o(.text)
    USART_SendData                           0x08000e45   Thumb Code     8  stm32f10x_usart.o(.text)
    USART_ReceiveData                        0x08000e4d   Thumb Code    10  stm32f10x_usart.o(.text)
    USART_SendBreak                          0x08000e57   Thumb Code    10  stm32f10x_usart.o(.text)
    USART_SetGuardTime                       0x08000e61   Thumb Code    16  stm32f10x_usart.o(.text)
    USART_SetPrescaler                       0x08000e71   Thumb Code    16  stm32f10x_usart.o(.text)
    USART_SmartCardCmd                       0x08000e81   Thumb Code    24  stm32f10x_usart.o(.text)
    USART_SmartCardNACKCmd                   0x08000e99   Thumb Code    24  stm32f10x_usart.o(.text)
    USART_HalfDuplexCmd                      0x08000eb1   Thumb Code    24  stm32f10x_usart.o(.text)
    USART_OverSampling8Cmd                   0x08000ec9   Thumb Code    22  stm32f10x_usart.o(.text)
    USART_OneBitMethodCmd                    0x08000edf   Thumb Code    24  stm32f10x_usart.o(.text)
    USART_IrDAConfig                         0x08000ef7   Thumb Code    18  stm32f10x_usart.o(.text)
    USART_IrDACmd                            0x08000f09   Thumb Code    24  stm32f10x_usart.o(.text)
    USART_GetFlagStatus                      0x08000f21   Thumb Code    26  stm32f10x_usart.o(.text)
    USART_ClearFlag                          0x08000f3b   Thumb Code    18  stm32f10x_usart.o(.text)
    USART_GetITStatus                        0x08000f4d   Thumb Code    84  stm32f10x_usart.o(.text)
    USART_ClearITPendingBit                  0x08000fa1   Thumb Code    52  stm32f10x_usart.o(.text)
    SPI_I2S_DeInit                           0x08000fd5   Thumb Code    76  stm32f10x_spi.o(.text)
    SPI_Init                                 0x08001021   Thumb Code    60  stm32f10x_spi.o(.text)
    I2S_Init                                 0x0800105d   Thumb Code   226  stm32f10x_spi.o(.text)
    SPI_StructInit                           0x0800113f   Thumb Code    24  stm32f10x_spi.o(.text)
    I2S_StructInit                           0x08001157   Thumb Code    20  stm32f10x_spi.o(.text)
    SPI_Cmd                                  0x0800116b   Thumb Code    24  stm32f10x_spi.o(.text)
    I2S_Cmd                                  0x08001183   Thumb Code    24  stm32f10x_spi.o(.text)
    SPI_I2S_ITConfig                         0x0800119b   Thumb Code    32  stm32f10x_spi.o(.text)
    SPI_I2S_DMACmd                           0x080011bb   Thumb Code    18  stm32f10x_spi.o(.text)
    SPI_I2S_SendData                         0x080011cd   Thumb Code     4  stm32f10x_spi.o(.text)
    SPI_I2S_ReceiveData                      0x080011d1   Thumb Code     6  stm32f10x_spi.o(.text)
    SPI_NSSInternalSoftwareConfig            0x080011d7   Thumb Code    30  stm32f10x_spi.o(.text)
    SPI_SSOutputCmd                          0x080011f5   Thumb Code    24  stm32f10x_spi.o(.text)
    SPI_DataSizeConfig                       0x0800120d   Thumb Code    18  stm32f10x_spi.o(.text)
    SPI_TransmitCRC                          0x0800121f   Thumb Code    10  stm32f10x_spi.o(.text)
    SPI_CalculateCRC                         0x08001229   Thumb Code    24  stm32f10x_spi.o(.text)
    SPI_GetCRC                               0x08001241   Thumb Code    16  stm32f10x_spi.o(.text)
    SPI_GetCRCPolynomial                     0x08001251   Thumb Code     6  stm32f10x_spi.o(.text)
    SPI_BiDirectionalLineConfig              0x08001257   Thumb Code    28  stm32f10x_spi.o(.text)
    SPI_I2S_GetFlagStatus                    0x08001273   Thumb Code    18  stm32f10x_spi.o(.text)
    SPI_I2S_ClearFlag                        0x08001285   Thumb Code     6  stm32f10x_spi.o(.text)
    SPI_I2S_GetITStatus                      0x0800128b   Thumb Code    52  stm32f10x_spi.o(.text)
    SPI_I2S_ClearITPendingBit                0x080012bf   Thumb Code    20  stm32f10x_spi.o(.text)
    Delay_ms                                 0x080012e1   Thumb Code    26  setup.o(.text)
    Init_USART                               0x080012fb   Thumb Code   136  setup.o(.text)
    Init_GPIO                                0x08001383   Thumb Code    34  setup.o(.text)
    Init_SPI1_Master                         0x080013a5   Thumb Code   100  setup.o(.text)
    I2C_EE_Init                              0x08001491   Thumb Code    18  i2c_ee.o(.text)
    I2C_EE_WaitEepromStandbyState            0x080014a3   Thumb Code    72  i2c_ee.o(.text)
    I2C_EE_PageWrite                         0x080014eb   Thumb Code   144  i2c_ee.o(.text)
    I2C_EE_BufferWrite                       0x0800157b   Thumb Code   298  i2c_ee.o(.text)
    I2C_EE_ByteWrite                         0x080016a5   Thumb Code   112  i2c_ee.o(.text)
    I2C_EE_BufferRead                        0x08001715   Thumb Code   216  i2c_ee.o(.text)
    I2C_DeInit                               0x08001809   Thumb Code    50  stm32f10x_i2c.o(.text)
    I2C_Init                                 0x0800183b   Thumb Code   222  stm32f10x_i2c.o(.text)
    I2C_StructInit                           0x08001919   Thumb Code    30  stm32f10x_i2c.o(.text)
    I2C_Cmd                                  0x08001937   Thumb Code    24  stm32f10x_i2c.o(.text)
    I2C_DMACmd                               0x0800194f   Thumb Code    24  stm32f10x_i2c.o(.text)
    I2C_DMALastTransferCmd                   0x08001967   Thumb Code    24  stm32f10x_i2c.o(.text)
    I2C_GenerateSTART                        0x0800197f   Thumb Code    24  stm32f10x_i2c.o(.text)
    I2C_GenerateSTOP                         0x08001997   Thumb Code    24  stm32f10x_i2c.o(.text)
    I2C_AcknowledgeConfig                    0x080019af   Thumb Code    24  stm32f10x_i2c.o(.text)
    I2C_OwnAddress2Config                    0x080019c7   Thumb Code    22  stm32f10x_i2c.o(.text)
    I2C_DualAddressCmd                       0x080019dd   Thumb Code    24  stm32f10x_i2c.o(.text)
    I2C_GeneralCallCmd                       0x080019f5   Thumb Code    24  stm32f10x_i2c.o(.text)
    I2C_ITConfig                             0x08001a0d   Thumb Code    18  stm32f10x_i2c.o(.text)
    I2C_SendData                             0x08001a1f   Thumb Code     4  stm32f10x_i2c.o(.text)
    I2C_ReceiveData                          0x08001a23   Thumb Code     8  stm32f10x_i2c.o(.text)
    I2C_Send7bitAddress                      0x08001a2b   Thumb Code    18  stm32f10x_i2c.o(.text)
    I2C_ReadRegister                         0x08001a3d   Thumb Code    22  stm32f10x_i2c.o(.text)
    I2C_SoftwareResetCmd                     0x08001a53   Thumb Code    22  stm32f10x_i2c.o(.text)
    I2C_NACKPositionConfig                   0x08001a69   Thumb Code    28  stm32f10x_i2c.o(.text)
    I2C_SMBusAlertConfig                     0x08001a85   Thumb Code    28  stm32f10x_i2c.o(.text)
    I2C_TransmitPEC                          0x08001aa1   Thumb Code    24  stm32f10x_i2c.o(.text)
    I2C_PECPositionConfig                    0x08001ab9   Thumb Code    28  stm32f10x_i2c.o(.text)
    I2C_CalculatePEC                         0x08001ad5   Thumb Code    24  stm32f10x_i2c.o(.text)
    I2C_GetPEC                               0x08001aed   Thumb Code     8  stm32f10x_i2c.o(.text)
    I2C_ARPCmd                               0x08001af5   Thumb Code    24  stm32f10x_i2c.o(.text)
    I2C_StretchClockCmd                      0x08001b0d   Thumb Code    24  stm32f10x_i2c.o(.text)
    I2C_FastModeDutyCycleConfig              0x08001b25   Thumb Code    28  stm32f10x_i2c.o(.text)
    I2C_CheckEvent                           0x08001b41   Thumb Code    42  stm32f10x_i2c.o(.text)
    I2C_GetLastEvent                         0x08001b6b   Thumb Code    26  stm32f10x_i2c.o(.text)
    I2C_GetFlagStatus                        0x08001b85   Thumb Code    58  stm32f10x_i2c.o(.text)
    I2C_ClearFlag                            0x08001bbf   Thumb Code    12  stm32f10x_i2c.o(.text)
    I2C_GetITStatus                          0x08001bcb   Thumb Code    54  stm32f10x_i2c.o(.text)
    I2C_ClearITPendingBit                    0x08001c01   Thumb Code    12  stm32f10x_i2c.o(.text)
    SystemInit                               0x08001ceb   Thumb Code    78  system_stm32f10x.o(.text)
    SystemCoreClockUpdate                    0x08001d39   Thumb Code   142  system_stm32f10x.o(.text)
    Reset_Handler                            0x08001ded   Thumb Code     8  startup_stm32f10x_md.o(.text)
    CAN1_RX1_IRQHandler                      0x08001e07   Thumb Code     0  startup_stm32f10x_md.o(.text)
    CAN1_SCE_IRQHandler                      0x08001e07   Thumb Code     0  startup_stm32f10x_md.o(.text)
    USB_HP_CAN1_TX_IRQHandler                0x08001e07   Thumb Code     0  startup_stm32f10x_md.o(.text)
    USB_LP_CAN1_RX0_IRQHandler               0x08001e07   Thumb Code     0  startup_stm32f10x_md.o(.text)
    __user_initial_stackheap                 0x08001e09   Thumb Code     0  startup_stm32f10x_md.o(.text)
    _sys_open                                0x08001e39   Thumb Code    80  retarget_io.o(.text)
    _sys_close                               0x08001e89   Thumb Code    38  retarget_io.o(.text)
    _sys_write                               0x08001eaf   Thumb Code    70  retarget_io.o(.text)
    _sys_read                                0x08001ef5   Thumb Code    76  retarget_io.o(.text)
    _ttywrch                                 0x08001f41   Thumb Code     4  retarget_io.o(.text)
    _sys_istty                               0x08001f45   Thumb Code    36  retarget_io.o(.text)
    _sys_seek                                0x08001f69   Thumb Code    44  retarget_io.o(.text)
    _sys_flen                                0x08001f95   Thumb Code    36  retarget_io.o(.text)
    __2printf                                0x08001fd1   Thumb Code    20  noretval__2printf.o(.text)
    _printf_pre_padding                      0x08001fe9   Thumb Code    44  _printf_pad.o(.text)
    _printf_post_padding                     0x08002015   Thumb Code    34  _printf_pad.o(.text)
    _printf_int_hex                          0x08002039   Thumb Code    84  _printf_hex_int.o(.text)
    _printf_longlong_hex                     0x08002039   Thumb Code     0  _printf_hex_int.o(.text)
    __printf                                 0x08002091   Thumb Code   308  __printf_flags_wp.o(.text)
    strcmp                                   0x080021c9   Thumb Code   128  strcmpv7m.o(.text)
    __use_two_region_memory                  0x08002249   Thumb Code     2  heapauxi.o(.text)
    __rt_heap_escrow                         0x0800224b   Thumb Code     2  heapauxi.o(.text)
    __rt_heap_expand                         0x0800224d   Thumb Code     2  heapauxi.o(.text)
    _printf_int_common                       0x0800224f   Thumb Code   178  _printf_intcommon.o(.text)
    _printf_char_file                        0x08002301   Thumb Code    32  _printf_char_file.o(.text)
    _printf_char_common                      0x0800232f   Thumb Code    32  _printf_char_common.o(.text)
    ferror                                   0x08002355   Thumb Code     8  ferror.o(.text)
    _initio                                  0x0800235d   Thumb Code   210  initio.o(.text)
    _terminateio                             0x0800242f   Thumb Code    56  initio.o(.text)
    __user_setup_stackheap                   0x08002495   Thumb Code    74  sys_stackheap_outer.o(.text)
    free                                     0x080024df   Thumb Code    78  h1_free.o(.text)
    setvbuf                                  0x0800252d   Thumb Code    70  setvbuf.o(.text)
    freopen                                  0x08002575   Thumb Code   158  fopen.o(.text)
    fopen                                    0x08002613   Thumb Code    74  fopen.o(.text)
    _fclose_internal                         0x08002661   Thumb Code    76  fclose.o(.text)
    fclose                                   0x08002661   Thumb Code     0  fclose.o(.text)
    exit                                     0x080026ad   Thumb Code    18  exit.o(.text)
    __rt_SIGRTRED                            0x080026bf   Thumb Code    14  defsig_rtred_outer.o(.text)
    __aeabi_memclr4                          0x080026cd   Thumb Code     0  rt_memclr_w.o(.text)
    __aeabi_memclr8                          0x080026cd   Thumb Code     0  rt_memclr_w.o(.text)
    __rt_memclr_w                            0x080026cd   Thumb Code    78  rt_memclr_w.o(.text)
    _memset_w                                0x080026d1   Thumb Code     0  rt_memclr_w.o(.text)
    __user_libspace                          0x0800271d   Thumb Code     8  libspace.o(.text)
    __user_perproc_libspace                  0x0800271d   Thumb Code     0  libspace.o(.text)
    __user_perthread_libspace                0x0800271d   Thumb Code     0  libspace.o(.text)
    __rt_heap_descriptor                     0x08002725   Thumb Code     8  rt_heap_descriptor_intlibspace.o(.text)
    __use_no_heap                            0x0800272d   Thumb Code     2  hguard.o(.text)
    __heap$guard                             0x0800272f   Thumb Code     2  hguard.o(.text)
    _terminate_user_alloc                    0x08002731   Thumb Code     2  init_alloc.o(.text)
    _init_user_alloc                         0x08002733   Thumb Code     2  init_alloc.o(.text)
    __Heap_Full                              0x08002735   Thumb Code    34  init_alloc.o(.text)
    __Heap_Broken                            0x08002757   Thumb Code     6  init_alloc.o(.text)
    _init_alloc                              0x0800275d   Thumb Code    94  init_alloc.o(.text)
    malloc                                   0x080027bb   Thumb Code    94  h1_alloc.o(.text)
    _fseek                                   0x08002819   Thumb Code   242  fseek.o(.text)
    fseek                                    0x08002819   Thumb Code     0  fseek.o(.text)
    _seterr                                  0x08002911   Thumb Code    20  stdio.o(.text)
    _writebuf                                0x08002925   Thumb Code    84  stdio.o(.text)
    _fflush                                  0x08002979   Thumb Code    70  stdio.o(.text)
    _deferredlazyseek                        0x080029bf   Thumb Code    60  stdio.o(.text)
    __sig_exit                               0x08002a01   Thumb Code    10  defsig_exit.o(.text)
    __rt_SIGRTRED_inner                      0x08002a0d   Thumb Code    14  defsig_rtred_inner.o(.text)
    _sys_exit                                0x08002a41   Thumb Code     8  sys_exit.o(.text)
    __Heap_Initialize                        0x08002a4d   Thumb Code    10  h1_init.o(.text)
    __Heap_DescSize                          0x08002a57   Thumb Code     4  h1_init.o(.text)
    __Heap_ProvideMemory                     0x08002a5b   Thumb Code    52  h1_extend.o(.text)
    _ftell_internal                          0x08002a8f   Thumb Code    66  ftell.o(.text)
    ftell                                    0x08002a8f   Thumb Code     0  ftell.o(.text)
    __default_signal_display                 0x08002ad1   Thumb Code    50  defsig_general.o(.text)
    __rt_SIGRTMEM                            0x08002b03   Thumb Code    14  defsig_rtmem_outer.o(.text)
    __I$use$semihosting                      0x08002b11   Thumb Code     0  use_no_semi.o(.text)
    __use_no_semihosting_swi                 0x08002b11   Thumb Code     2  use_no_semi.o(.text)
    __semihosting_library_function           0x08002b13   Thumb Code     0  indicate_semi.o(.text)
    __aeabi_errno_addr                       0x08002b15   Thumb Code     8  rt_errno_addr_intlibspace.o(.text)
    __errno$intlibspace                      0x08002b15   Thumb Code     0  rt_errno_addr_intlibspace.o(.text)
    __rt_errno_addr$intlibspace              0x08002b15   Thumb Code     0  rt_errno_addr_intlibspace.o(.text)
    __rt_SIGRTMEM_inner                      0x08002b1d   Thumb Code    22  defsig_rtmem_inner.o(.text)
    _is_digit                                0x08002b6d   Thumb Code    14  __printf_wp.o(i._is_digit)
    __stdin_name                             0x08002b7a   Data           7  retarget_io.o(.constdata)
    __stdout_name                            0x08002b81   Data           8  retarget_io.o(.constdata)
    __stderr_name                            0x08002b89   Data           8  retarget_io.o(.constdata)
    Region$$Table$$Base                      0x08002bcc   Number         0  anon$$obj.o(Region$$Table)
    Region$$Table$$Limit                     0x08002bec   Number         0  anon$$obj.o(Region$$Table)
    GPIO_InitStructure                       0x20000014   Data           4  setup.o(.data)
    NVIC_InitStructure                       0x20000018   Data           4  setup.o(.data)
    EEPROM_ADDRESS                           0x2000001c   Data           2  i2c_ee.o(.data)
    SystemCoreClock                          0x20000020   Data           4  system_stm32f10x.o(.data)
    AHBPrescTable                            0x20000024   Data          16  system_stm32f10x.o(.data)
    __aeabi_stdin                            0x20000034   Data           4  stdio_streams.o(.data)
    __aeabi_stdout                           0x20000038   Data           4  stdio_streams.o(.data)
    __aeabi_stderr                           0x2000003c   Data           4  stdio_streams.o(.data)
    I2c_Buf_Write                            0x20000040   Data         256  main.o(.bss)
    I2c_Buf_Read                             0x20000140   Data         256  main.o(.bss)
    UART_InitStructure                       0x20000240   Data          16  setup.o(.bss)
    SPI_InitStructure                        0x20000250   Data          18  setup.o(.bss)
    __stdin                                  0x20000264   Data          84  stdio_streams.o(.bss)
    __stdout                                 0x200002b8   Data          84  stdio_streams.o(.bss)
    __stderr                                 0x2000030c   Data          84  stdio_streams.o(.bss)
    __libspace_start                         0x20000360   Data          96  libspace.o(.bss)
    __temporary_stack_top$libspace           0x200003c0   Data           0  libspace.o(.bss)



==============================================================================

Memory Map of the image

  Image Entry point : 0x080000ed

  Load Region LR_IROM1 (Base: 0x08000000, Size: 0x00002c2c, Max: 0x00010000, ABSOLUTE)

    Execution Region ER_IROM1 (Exec base: 0x08000000, Load base: 0x08000000, Size: 0x00002bec, Max: 0x00010000, ABSOLUTE)

    Exec Addr    Load Addr    Size         Type   Attr      Idx    E Section Name        Object

    0x08000000   0x08000000   0x000000ec   Data   RO          429    RESET               startup_stm32f10x_md.o
    0x080000ec   0x080000ec   0x00000008   Code   RO          524  * !!!main             c_w.l(__main.o)
    0x080000f4   0x080000f4   0x00000034   Code   RO          838    !!!scatter          c_w.l(__scatter.o)
    0x08000128   0x08000128   0x0000001a   Code   RO          840    !!handler_copy      c_w.l(__scatter_copy.o)
    0x08000142   0x08000142   0x00000002   PAD
    0x08000144   0x08000144   0x0000001c   Code   RO          842    !!handler_zi        c_w.l(__scatter_zi.o)
    0x08000160   0x08000160   0x00000000   Code   RO          517    .ARM.Collect$$_printf_percent$$00000000  c_w.l(_printf_percent.o)
    0x08000160   0x08000160   0x00000006   Code   RO          516    .ARM.Collect$$_printf_percent$$0000000C  c_w.l(_printf_x.o)
    0x08000166   0x08000166   0x00000004   Code   RO          531    .ARM.Collect$$_printf_percent$$00000017  c_w.l(_printf_percent_end.o)
    0x0800016a   0x0800016a   0x00000002   Code   RO          649    .ARM.Collect$$libinit$$00000000  c_w.l(libinit.o)
    0x0800016c   0x0800016c   0x00000000   Code   RO          651    .ARM.Collect$$libinit$$00000002  c_w.l(libinit2.o)
    0x0800016c   0x0800016c   0x00000000   Code   RO          653    .ARM.Collect$$libinit$$00000004  c_w.l(libinit2.o)
    0x0800016c   0x0800016c   0x00000008   Code   RO          654    .ARM.Collect$$libinit$$00000005  c_w.l(libinit2.o)
    0x08000174   0x08000174   0x00000000   Code   RO          656    .ARM.Collect$$libinit$$0000000A  c_w.l(libinit2.o)
    0x08000174   0x08000174   0x00000000   Code   RO          658    .ARM.Collect$$libinit$$0000000C  c_w.l(libinit2.o)
    0x08000174   0x08000174   0x00000000   Code   RO          660    .ARM.Collect$$libinit$$0000000E  c_w.l(libinit2.o)
    0x08000174   0x08000174   0x00000000   Code   RO          663    .ARM.Collect$$libinit$$00000011  c_w.l(libinit2.o)
    0x08000174   0x08000174   0x00000000   Code   RO          665    .ARM.Collect$$libinit$$00000013  c_w.l(libinit2.o)
    0x08000174   0x08000174   0x00000000   Code   RO          667    .ARM.Collect$$libinit$$00000015  c_w.l(libinit2.o)
    0x08000174   0x08000174   0x00000000   Code   RO          669    .ARM.Collect$$libinit$$00000017  c_w.l(libinit2.o)
    0x08000174   0x08000174   0x00000000   Code   RO          671    .ARM.Collect$$libinit$$00000019  c_w.l(libinit2.o)
    0x08000174   0x08000174   0x00000000   Code   RO          673    .ARM.Collect$$libinit$$0000001B  c_w.l(libinit2.o)
    0x08000174   0x08000174   0x00000000   Code   RO          675    .ARM.Collect$$libinit$$0000001D  c_w.l(libinit2.o)
    0x08000174   0x08000174   0x00000000   Code   RO          677    .ARM.Collect$$libinit$$0000001F  c_w.l(libinit2.o)
    0x08000174   0x08000174   0x00000000   Code   RO          679    .ARM.Collect$$libinit$$00000021  c_w.l(libinit2.o)
    0x08000174   0x08000174   0x00000000   Code   RO          681    .ARM.Collect$$libinit$$00000023  c_w.l(libinit2.o)
    0x08000174   0x08000174   0x00000004   Code   RO          682    .ARM.Collect$$libinit$$00000024  c_w.l(libinit2.o)
    0x08000178   0x08000178   0x00000000   Code   RO          683    .ARM.Collect$$libinit$$00000025  c_w.l(libinit2.o)
    0x08000178   0x08000178   0x00000000   Code   RO          687    .ARM.Collect$$libinit$$0000002C  c_w.l(libinit2.o)
    0x08000178   0x08000178   0x00000000   Code   RO          689    .ARM.Collect$$libinit$$0000002E  c_w.l(libinit2.o)
    0x08000178   0x08000178   0x00000000   Code   RO          691    .ARM.Collect$$libinit$$00000030  c_w.l(libinit2.o)
    0x08000178   0x08000178   0x00000000   Code   RO          693    .ARM.Collect$$libinit$$00000032  c_w.l(libinit2.o)
    0x08000178   0x08000178   0x00000002   Code   RO          694    .ARM.Collect$$libinit$$00000033  c_w.l(libinit2.o)
    0x0800017a   0x0800017a   0x00000002   Code   RO          817    .ARM.Collect$$libshutdown$$00000000  c_w.l(libshutdown.o)
    0x0800017c   0x0800017c   0x00000000   Code   RO          696    .ARM.Collect$$libshutdown$$00000002  c_w.l(libshutdown2.o)
    0x0800017c   0x0800017c   0x00000004   Code   RO          697    .ARM.Collect$$libshutdown$$00000003  c_w.l(libshutdown2.o)
    0x08000180   0x08000180   0x00000000   Code   RO          698    .ARM.Collect$$libshutdown$$00000004  c_w.l(libshutdown2.o)
    0x08000180   0x08000180   0x00000000   Code   RO          701    .ARM.Collect$$libshutdown$$00000007  c_w.l(libshutdown2.o)
    0x08000180   0x08000180   0x00000000   Code   RO          704    .ARM.Collect$$libshutdown$$0000000A  c_w.l(libshutdown2.o)
    0x08000180   0x08000180   0x00000000   Code   RO          706    .ARM.Collect$$libshutdown$$0000000C  c_w.l(libshutdown2.o)
    0x08000180   0x08000180   0x00000000   Code   RO          709    .ARM.Collect$$libshutdown$$0000000F  c_w.l(libshutdown2.o)
    0x08000180   0x08000180   0x00000002   Code   RO          710    .ARM.Collect$$libshutdown$$00000010  c_w.l(libshutdown2.o)
    0x08000182   0x08000182   0x00000000   Code   RO          526    .ARM.Collect$$rtentry$$00000000  c_w.l(__rtentry.o)
    0x08000182   0x08000182   0x00000000   Code   RO          539    .ARM.Collect$$rtentry$$00000002  c_w.l(__rtentry2.o)
    0x08000182   0x08000182   0x00000006   Code   RO          551    .ARM.Collect$$rtentry$$00000004  c_w.l(__rtentry4.o)
    0x08000188   0x08000188   0x00000000   Code   RO          541    .ARM.Collect$$rtentry$$00000009  c_w.l(__rtentry2.o)
    0x08000188   0x08000188   0x00000004   Code   RO          542    .ARM.Collect$$rtentry$$0000000A  c_w.l(__rtentry2.o)
    0x0800018c   0x0800018c   0x00000000   Code   RO          544    .ARM.Collect$$rtentry$$0000000C  c_w.l(__rtentry2.o)
    0x0800018c   0x0800018c   0x00000008   Code   RO          545    .ARM.Collect$$rtentry$$0000000D  c_w.l(__rtentry2.o)
    0x08000194   0x08000194   0x00000002   Code   RO          714    .ARM.Collect$$rtexit$$00000000  c_w.l(rtexit.o)
    0x08000196   0x08000196   0x00000000   Code   RO          762    .ARM.Collect$$rtexit$$00000002  c_w.l(rtexit2.o)
    0x08000196   0x08000196   0x00000004   Code   RO          763    .ARM.Collect$$rtexit$$00000003  c_w.l(rtexit2.o)
    0x0800019a   0x0800019a   0x00000006   Code   RO          764    .ARM.Collect$$rtexit$$00000004  c_w.l(rtexit2.o)
    0x080001a0   0x080001a0   0x00000000   Code   RO          768    .emb_text           c_w.l(maybetermalloc1.o)
    0x080001a0   0x080001a0   0x000001bc   Code   RO            1    .text               main.o
    0x0800035c   0x0800035c   0x00000092   Code   RO          120    .text               stm32f10x_it.o
    0x080003ee   0x080003ee   0x00000002   PAD
    0x080003f0   0x080003f0   0x000000dc   Code   RO          155    .text               misc.o
    0x080004cc   0x080004cc   0x0000035c   Code   RO          236    .text               stm32f10x_gpio.o
    0x08000828   0x08000828   0x000003a4   Code   RO          254    .text               stm32f10x_rcc.o
    0x08000bcc   0x08000bcc   0x00000408   Code   RO          271    .text               stm32f10x_usart.o
    0x08000fd4   0x08000fd4   0x0000030c   Code   RO          286    .text               stm32f10x_spi.o
    0x080012e0   0x080012e0   0x00000148   Code   RO          352    .text               setup.o
    0x08001428   0x08001428   0x000003e0   Code   RO          368    .text               i2c_ee.o
    0x08001808   0x08001808   0x00000404   Code   RO          383    .text               stm32f10x_i2c.o
    0x08001c0c   0x08001c0c   0x000001e0   Code   RO          409    .text               system_stm32f10x.o
    0x08001dec   0x08001dec   0x00000040   Code   RO          430    .text               startup_stm32f10x_md.o
    0x08001e2c   0x08001e2c   0x000001a4   Code   RO          434    .text               retarget_io.o
    0x08001fd0   0x08001fd0   0x00000018   Code   RO          469    .text               c_w.l(noretval__2printf.o)
    0x08001fe8   0x08001fe8   0x0000004e   Code   RO          473    .text               c_w.l(_printf_pad.o)
    0x08002036   0x08002036   0x00000002   PAD
    0x08002038   0x08002038   0x00000058   Code   RO          478    .text               c_w.l(_printf_hex_int.o)
    0x08002090   0x08002090   0x00000138   Code   RO          508    .text               c_w.l(__printf_flags_wp.o)
    0x080021c8   0x080021c8   0x00000080   Code   RO          520    .text               c_w.l(strcmpv7m.o)
    0x08002248   0x08002248   0x00000006   Code   RO          522    .text               c_w.l(heapauxi.o)
    0x0800224e   0x0800224e   0x000000b2   Code   RO          527    .text               c_w.l(_printf_intcommon.o)
    0x08002300   0x08002300   0x00000024   Code   RO          529    .text               c_w.l(_printf_char_file.o)
    0x08002324   0x08002324   0x00000030   Code   RO          553    .text               c_w.l(_printf_char_common.o)
    0x08002354   0x08002354   0x00000008   Code   RO          555    .text               c_w.l(ferror.o)
    0x0800235c   0x0800235c   0x00000138   Code   RO          557    .text               c_w.l(initio.o)
    0x08002494   0x08002494   0x0000004a   Code   RO          565    .text               c_w.l(sys_stackheap_outer.o)
    0x080024de   0x080024de   0x0000004e   Code   RO          569    .text               c_w.l(h1_free.o)
    0x0800252c   0x0800252c   0x00000046   Code   RO          625    .text               c_w.l(setvbuf.o)
    0x08002572   0x08002572   0x00000002   PAD
    0x08002574   0x08002574   0x000000ec   Code   RO          628    .text               c_w.l(fopen.o)
    0x08002660   0x08002660   0x0000004c   Code   RO          630    .text               c_w.l(fclose.o)
    0x080026ac   0x080026ac   0x00000012   Code   RO          636    .text               c_w.l(exit.o)
    0x080026be   0x080026be   0x0000000e   Code   RO          638    .text               c_w.l(defsig_rtred_outer.o)
    0x080026cc   0x080026cc   0x0000004e   Code   RO          642    .text               c_w.l(rt_memclr_w.o)
    0x0800271a   0x0800271a   0x00000002   PAD
    0x0800271c   0x0800271c   0x00000008   Code   RO          711    .text               c_w.l(libspace.o)
    0x08002724   0x08002724   0x00000008   Code   RO          721    .text               c_w.l(rt_heap_descriptor_intlibspace.o)
    0x0800272c   0x0800272c   0x00000004   Code   RO          723    .text               c_w.l(hguard.o)
    0x08002730   0x08002730   0x0000008a   Code   RO          725    .text               c_w.l(init_alloc.o)
    0x080027ba   0x080027ba   0x0000005e   Code   RO          731    .text               c_w.l(h1_alloc.o)
    0x08002818   0x08002818   0x000000f8   Code   RO          745    .text               c_w.l(fseek.o)
    0x08002910   0x08002910   0x000000f0   Code   RO          747    .text               c_w.l(stdio.o)
    0x08002a00   0x08002a00   0x0000000a   Code   RO          749    .text               c_w.l(defsig_exit.o)
    0x08002a0a   0x08002a0a   0x00000002   PAD
    0x08002a0c   0x08002a0c   0x00000034   Code   RO          751    .text               c_w.l(defsig_rtred_inner.o)
    0x08002a40   0x08002a40   0x0000000c   Code   RO          759    .text               c_w.l(sys_exit.o)
    0x08002a4c   0x08002a4c   0x0000000e   Code   RO          770    .text               c_w.l(h1_init.o)
    0x08002a5a   0x08002a5a   0x00000034   Code   RO          772    .text               c_w.l(h1_extend.o)
    0x08002a8e   0x08002a8e   0x00000042   Code   RO          778    .text               c_w.l(ftell.o)
    0x08002ad0   0x08002ad0   0x00000032   Code   RO          782    .text               c_w.l(defsig_general.o)
    0x08002b02   0x08002b02   0x0000000e   Code   RO          784    .text               c_w.l(defsig_rtmem_outer.o)
    0x08002b10   0x08002b10   0x00000002   Code   RO          799    .text               c_w.l(use_no_semi.o)
    0x08002b12   0x08002b12   0x00000000   Code   RO          801    .text               c_w.l(indicate_semi.o)
    0x08002b12   0x08002b12   0x00000002   PAD
    0x08002b14   0x08002b14   0x00000008   Code   RO          805    .text               c_w.l(rt_errno_addr_intlibspace.o)
    0x08002b1c   0x08002b1c   0x00000050   Code   RO          811    .text               c_w.l(defsig_rtmem_inner.o)
    0x08002b6c   0x08002b6c   0x0000000e   Code   RO          506    i._is_digit         c_w.l(__printf_wp.o)
    0x08002b7a   0x08002b7a   0x00000017   Data   RO          435    .constdata          retarget_io.o
    0x08002b91   0x08002b91   0x00000028   Data   RO          479    .constdata          c_w.l(_printf_hex_int.o)
    0x08002bb9   0x08002bb9   0x00000011   Data   RO          509    .constdata          c_w.l(__printf_flags_wp.o)
    0x08002bca   0x08002bca   0x00000002   PAD
    0x08002bcc   0x08002bcc   0x00000020   Data   RO          836    Region$$Table       anon$$obj.o


    Execution Region RW_IRAM1 (Exec base: 0x20000000, Load base: 0x08002bec, Size: 0x000009c0, Max: 0x00005000, ABSOLUTE)

    Exec Addr    Load Addr    Size         Type   Attr      Idx    E Section Name        Object

    0x20000000   0x08002bec   0x00000014   Data   RW          255    .data               stm32f10x_rcc.o
    0x20000014   0x08002c00   0x00000008   Data   RW          354    .data               setup.o
    0x2000001c   0x08002c08   0x00000002   Data   RW          369    .data               i2c_ee.o
    0x2000001e   0x08002c0a   0x00000002   PAD
    0x20000020   0x08002c0c   0x00000014   Data   RW          410    .data               system_stm32f10x.o
    0x20000034   0x08002c20   0x00000004   Data   RW          535    .data               c_w.l(stdio_streams.o)
    0x20000038   0x08002c24   0x00000004   Data   RW          536    .data               c_w.l(stdio_streams.o)
    0x2000003c   0x08002c28   0x00000004   Data   RW          537    .data               c_w.l(stdio_streams.o)
    0x20000040        -       0x00000200   Zero   RW            2    .bss                main.o
    0x20000240        -       0x00000022   Zero   RW          353    .bss                setup.o
    0x20000262   0x08002c2c   0x00000002   PAD
    0x20000264        -       0x00000054   Zero   RW          532    .bss                c_w.l(stdio_streams.o)
    0x200002b8        -       0x00000054   Zero   RW          533    .bss                c_w.l(stdio_streams.o)
    0x2000030c        -       0x00000054   Zero   RW          534    .bss                c_w.l(stdio_streams.o)
    0x20000360        -       0x00000060   Zero   RW          712    .bss                c_w.l(libspace.o)
    0x200003c0        -       0x00000200   Zero   RW          428    HEAP                startup_stm32f10x_md.o
    0x200005c0        -       0x00000400   Zero   RW          427    STACK               startup_stm32f10x_md.o


==============================================================================

Image component sizes


      Code (inc. data)   RO Data    RW Data    ZI Data      Debug   Object Name

         0          0          0          0          0       1816   23lc1024.o
         0          0          0          0          0         32   core_cm3.o
       992         28          0          2          0       3564   i2c_ee.o
       444        210          0          0        512     209507   main.o
       220         22          0          0          0      42557   misc.o
       420         24         23          0          0       4067   retarget_io.o
       328         32          0          8         34       1602   setup.o
        64         26        236          0       1536        924   startup_stm32f10x_md.o
       860         38          0          0          0      14497   stm32f10x_gpio.o
      1028         16          0          0          0      17579   stm32f10x_i2c.o
       146          0          0          0          0     209264   stm32f10x_it.o
       932         36          0         20          0      18120   stm32f10x_rcc.o
       780         14          0          0          0      13926   stm32f10x_spi.o
      1032         22          0          0          0      14904   stm32f10x_usart.o
       480         38          0         20          0       2171   system_stm32f10x.o

    ----------------------------------------------------------------------
      7728        506        291         52       2084     554530   Object Totals
         0          0         32          0          0          0   (incl. Generated)
         2          0          0          2          2          0   (incl. Padding)

    ----------------------------------------------------------------------

      Code (inc. data)   RO Data    RW Data    ZI Data      Debug   Library Member Name

         8          0          0          0          0         68   __main.o
       312          4         17          0          0         92   __printf_flags_wp.o
        14          0          0          0          0         68   __printf_wp.o
         0          0          0          0          0          0   __rtentry.o
        12          0          0          0          0          0   __rtentry2.o
         6          0          0          0          0          0   __rtentry4.o
        52          8          0          0          0          0   __scatter.o
        26          0          0          0          0          0   __scatter_copy.o
        28          0          0          0          0          0   __scatter_zi.o
        48          6          0          0          0         96   _printf_char_common.o
        36          4          0          0          0         80   _printf_char_file.o
        88          4         40          0          0         88   _printf_hex_int.o
       178          0          0          0          0         88   _printf_intcommon.o
        78          0          0          0          0        108   _printf_pad.o
         0          0          0          0          0          0   _printf_percent.o
         4          0          0          0          0          0   _printf_percent_end.o
         6          0          0          0          0          0   _printf_x.o
        10          0          0          0          0         68   defsig_exit.o
        50          0          0          0          0         88   defsig_general.o
        80         58          0          0          0         76   defsig_rtmem_inner.o
        14          0          0          0          0         80   defsig_rtmem_outer.o
        52         38          0          0          0         76   defsig_rtred_inner.o
        14          0          0          0          0         80   defsig_rtred_outer.o
        18          0          0          0          0         80   exit.o
        76          0          0          0          0         88   fclose.o
         8          0          0          0          0         68   ferror.o
       236          4          0          0          0        128   fopen.o
       248          6          0          0          0         84   fseek.o
        66          0          0          0          0         76   ftell.o
        94          0          0          0          0         80   h1_alloc.o
        52          0          0          0          0         68   h1_extend.o
        78          0          0          0          0         80   h1_free.o
        14          0          0          0          0         84   h1_init.o
         6          0          0          0          0        152   heapauxi.o
         4          0          0          0          0        136   hguard.o
         0          0          0          0          0          0   indicate_semi.o
       138          0          0          0          0        168   init_alloc.o
       312         46          0          0          0        112   initio.o
         2          0          0          0          0          0   libinit.o
        14          0          0          0          0          0   libinit2.o
         2          0          0          0          0          0   libshutdown.o
         6          0          0          0          0          0   libshutdown2.o
         8          4          0          0         96         68   libspace.o
         0          0          0          0          0          0   maybetermalloc1.o
        24          4          0          0          0         84   noretval__2printf.o
         8          4          0          0          0         68   rt_errno_addr_intlibspace.o
         8          4          0          0          0         68   rt_heap_descriptor_intlibspace.o
        78          0          0          0          0         80   rt_memclr_w.o
         2          0          0          0          0          0   rtexit.o
        10          0          0          0          0          0   rtexit2.o
        70          0          0          0          0         80   setvbuf.o
       240          6          0          0          0        156   stdio.o
         0          0          0         12        252          0   stdio_streams.o
       128          0          0          0          0         68   strcmpv7m.o
        12          4          0          0          0         68   sys_exit.o
        74          0          0          0          0         80   sys_stackheap_outer.o
         2          0          0          0          0         68   use_no_semi.o

    ----------------------------------------------------------------------
      3166        204         59         12        348       3448   Library Totals
        12          0          2          0          0          0   (incl. Padding)

    ----------------------------------------------------------------------

      Code (inc. data)   RO Data    RW Data    ZI Data      Debug   Library Name

      3154        204         57         12        348       3448   c_w.l

    ----------------------------------------------------------------------
      3166        204         59         12        348       3448   Library Totals

    ----------------------------------------------------------------------

==============================================================================


      Code (inc. data)   RO Data    RW Data    ZI Data      Debug   

     10894        710        350         64       2432     555114   Grand Totals
     10894        710        350         64       2432     555114   ELF Image Totals
     10894        710        350         64          0          0   ROM Totals

==============================================================================

    Total RO  Size (Code + RO Data)                11244 (  10.98kB)
    Total RW  Size (RW Data + ZI Data)              2496 (   2.44kB)
    Total ROM Size (Code + RO Data + RW Data)      11308 (  11.04kB)

==============================================================================

